Component: ARM Compiler 5.06 update 1 (build 61) Tool: armlink [4d35a8]

==============================================================================

Section Cross References

    startup_stm32f10x_md.o(RESET) refers to startup_stm32f10x_md.o(STACK) for __initial_sp
    startup_stm32f10x_md.o(RESET) refers to startup_stm32f10x_md.o(.text) for Reset_Handler
    startup_stm32f10x_md.o(RESET) refers to stm32f10x_it.o(.text) for NMI_Handler
    startup_stm32f10x_md.o(RESET) refers to encoder.o(.text) for TIM2_IRQHandler
    startup_stm32f10x_md.o(RESET) refers to bsp_hc_sr04.o(.text) for TIM3_IRQHandler
    startup_stm32f10x_md.o(.text) refers to system_stm32f10x.o(.text) for SystemInit
    startup_stm32f10x_md.o(.text) refers to entry.o(.ARM.Collect$$$$00000000) for __main
    system_stm32f10x.o(.text) refers to system_stm32f10x.o(.data) for SystemCoreClock
    stm32f10x_adc.o(.text) refers to stm32f10x_rcc.o(.text) for RCC_APB2PeriphResetCmd
    stm32f10x_bkp.o(.text) refers to stm32f10x_rcc.o(.text) for RCC_BackupResetCmd
    stm32f10x_can.o(.text) refers to stm32f10x_rcc.o(.text) for RCC_APB1PeriphResetCmd
    stm32f10x_cec.o(.text) refers to stm32f10x_rcc.o(.text) for RCC_APB1PeriphResetCmd
    stm32f10x_dac.o(.text) refers to stm32f10x_rcc.o(.text) for RCC_APB1PeriphResetCmd
    stm32f10x_gpio.o(.text) refers to stm32f10x_rcc.o(.text) for RCC_APB2PeriphResetCmd
    stm32f10x_i2c.o(.text) refers to stm32f10x_rcc.o(.text) for RCC_APB1PeriphResetCmd
    stm32f10x_pwr.o(.text) refers to stm32f10x_rcc.o(.text) for RCC_APB1PeriphResetCmd
    stm32f10x_rcc.o(.text) refers to stm32f10x_rcc.o(.data) for APBAHBPrescTable
    stm32f10x_spi.o(.text) refers to stm32f10x_rcc.o(.text) for RCC_APB2PeriphResetCmd
    stm32f10x_tim.o(.text) refers to stm32f10x_rcc.o(.text) for RCC_APB2PeriphResetCmd
    stm32f10x_usart.o(.text) refers to stm32f10x_rcc.o(.text) for RCC_APB2PeriphResetCmd
    stm32f10x_wwdg.o(.text) refers to stm32f10x_rcc.o(.text) for RCC_APB1PeriphResetCmd
    main.o(.text) refers to bsp_usart.o(.text) for USART_Config
    main.o(.text) refers to bsp_led.o(.text) for LED_GPIO_Config
    main.o(.text) refers to bsp_motor.o(.text) for Motor_Init
    main.o(.text) refers to encoder.o(.text) for Encoder_TIM2_Init
    main.o(.text) refers to oled_i2c.o(.text) for I2C_Configuration
    main.o(.text) refers to bsp_systick.o(.text) for delay_Init
    main.o(.text) refers to bsp_hc_sr04.o(.text) for HCSR04_Init
    main.o(.text) refers to bsp_trail.o(.text) for Trail_Input_Init_JX
    main.o(.text) refers to pid.o(.text) for PID_Init
    main.o(.text) refers to cfcmple.o(.text) for __aeabi_cfcmple
    main.o(.text) refers to f2d.o(.text) for __aeabi_f2d
    main.o(.text) refers to printfa.o(i.__0sprintf) for __2sprintf
    main.o(.text) refers to ffltui.o(.text) for __aeabi_ui2f
    main.o(.text) refers to fadd.o(.text) for __aeabi_fsub
    main.o(.text) refers to ffixui.o(.text) for __aeabi_f2uiz
    main.o(.text) refers to ddiv.o(.text) for __aeabi_ddiv
    main.o(.text) refers to main.o(.bss) for MotorL_Pid
    main.o(.text) refers to main.o(.data) for distance
    main.o(.text) refers to stm32f10x_it.o(.data) for state
    stm32f10x_it.o(.text) refers to cfrcmple.o(.text) for __aeabi_cfrcmple
    stm32f10x_it.o(.text) refers to stm32f10x_usart.o(.text) for USART_GetITStatus
    stm32f10x_it.o(.text) refers to stm32f10x_it.o(.data) for USART_STATE
    stm32f10x_it.o(.text) refers to main.o(.data) for distance
    bsp_usart.o(.text) refers to misc.o(.text) for NVIC_PriorityGroupConfig
    bsp_usart.o(.text) refers to stm32f10x_rcc.o(.text) for RCC_APB2PeriphClockCmd
    bsp_usart.o(.text) refers to stm32f10x_gpio.o(.text) for GPIO_Init
    bsp_usart.o(.text) refers to stm32f10x_usart.o(.text) for USART_Init
    bsp_led.o(.text) refers to stm32f10x_rcc.o(.text) for RCC_APB2PeriphClockCmd
    bsp_led.o(.text) refers to stm32f10x_gpio.o(.text) for GPIO_Init
    bsp_motor.o(.text) refers to stm32f10x_rcc.o(.text) for RCC_APB2PeriphClockCmd
    bsp_motor.o(.text) refers to stm32f10x_gpio.o(.text) for GPIO_Init
    bsp_motor.o(.text) refers to stm32f10x_tim.o(.text) for TIM_TimeBaseInit
    encoder.o(.text) refers to stm32f10x_rcc.o(.text) for RCC_APB2PeriphClockCmd
    encoder.o(.text) refers to stm32f10x_gpio.o(.text) for GPIO_Init
    encoder.o(.text) refers to stm32f10x_tim.o(.text) for TIM_TimeBaseStructInit
    encoder.o(.text) refers to bsp_systick.o(.text) for delay_ms
    encoder.o(.text) refers to ffltui.o(.text) for __aeabi_ui2f
    encoder.o(.text) refers to fdiv.o(.text) for __aeabi_fdiv
    encoder.o(.text) refers to f2d.o(.text) for __aeabi_f2d
    encoder.o(.text) refers to dmul.o(.text) for __aeabi_dmul
    encoder.o(.text) refers to d2f.o(.text) for __aeabi_d2f
    bsp_systick.o(.text) refers to misc.o(.text) for SysTick_CLKSourceConfig
    bsp_systick.o(.text) refers to system_stm32f10x.o(.data) for SystemCoreClock
    bsp_systick.o(.text) refers to bsp_systick.o(.data) for D_us
[...]
    printf0.o(i.__0vsprintf$0) refers to printf0.o(i._printf_core) for _printf_core
    printf0.o(i.__0vsprintf$0) refers to printf0.o(i._sputc) for _sputc
    printf1.o(i.__0fprintf$1) refers to printf1.o(i._printf_core) for _printf_core
    printf1.o(i.__0fprintf$1) refers to bsp_usart.o(.text) for fputc
    printf1.o(i.__0printf$1) refers to printf1.o(i._printf_core) for _printf_core
    printf1.o(i.__0printf$1) refers to bsp_usart.o(.text) for fputc
    printf1.o(i.__0printf$1) refers to stdout.o(.data) for __stdout
    printf1.o(i.__0snprintf$1) refers to printf1.o(i._printf_core) for _printf_core
    printf1.o(i.__0snprintf$1) refers to printf1.o(i._snputc) for _snputc
    printf1.o(i.__0sprintf$1) refers to printf1.o(i._printf_core) for _printf_core
    printf1.o(i.__0sprintf$1) refers to printf1.o(i._sputc) for _sputc
    printf1.o(i.__0vfprintf$1) refers to printf1.o(i._printf_core) for _printf_core
    printf1.o(i.__0vfprintf$1) refers to bsp_usart.o(.text) for fputc
    printf1.o(i.__0vprintf$1) refers to printf1.o(i._printf_core) for _printf_core
    printf1.o(i.__0vprintf$1) refers to bsp_usart.o(.text) for fputc
    printf1.o(i.__0vprintf$1) refers to stdout.o(.data) for __stdout
    printf1.o(i.__0vsnprintf$1) refers to printf1.o(i._printf_core) for _printf_core
    printf1.o(i.__0vsnprintf$1) refers to printf1.o(i._snputc) for _snputc
    printf1.o(i.__0vsprintf$1) refers to printf1.o(i._printf_core) for _printf_core
    printf1.o(i.__0vsprintf$1) refers to printf1.o(i._sputc) for _sputc
    printf1.o(i._printf_core) refers to uidiv.o(.text) for __aeabi_uidivmod
    printf2.o(i.__0fprintf$2) refers to printf2.o(i._printf_core) for _printf_core
    printf2.o(i.__0fprintf$2) refers to bsp_usart.o(.text) for fputc
    printf2.o(i.__0printf$2) refers to printf2.o(i._printf_core) for _printf_core
    printf2.o(i.__0printf$2) refers to bsp_usart.o(.text) for fputc
    printf2.o(i.__0printf$2) refers to stdout.o(.data) for __stdout
    printf2.o(i.__0snprintf$2) refers to printf2.o(i._printf_core) for _printf_core
    printf2.o(i.__0snprintf$2) refers to printf2.o(i._snputc) for _snputc
    printf2.o(i.__0sprintf$2) refers to printf2.o(i._printf_core) for _printf_core
    printf2.o(i.__0sprintf$2) refers to printf2.o(i._sputc) for _sputc
    printf2.o(i.__0vfprintf$2) refers to printf2.o(i._printf_core) for _printf_core
    printf2.o(i.__0vfprintf$2) refers to bsp_usart.o(.text) for fputc
    printf2.o(i.__0vprintf$2) refers to printf2.o(i._printf_core) for _printf_core
    printf2.o(i.__0vprintf$2) refers to bsp_usart.o(.text) for fputc
    printf2.o(i.__0vprintf$2) refers to stdout.o(.data) for __stdout
    printf2.o(i.__0vsnprintf$2) refers to printf2.o(i._printf_core) for _printf_core
    printf2.o(i.__0vsnprintf$2) refers to printf2.o(i._snputc) for _snputc
    printf2.o(i.__0vsprintf$2) refers to printf2.o(i._printf_core) for _printf_core
    printf2.o(i.__0vsprintf$2) refers to printf2.o(i._sputc) for _sputc
    printf3.o(i.__0fprintf$3) refers to printf3.o(i._printf_core) for _printf_core
    printf3.o(i.__0fprintf$3) refers to bsp_usart.o(.text) for fputc
    printf3.o(i.__0printf$3) refers to printf3.o(i._printf_core) for _printf_core
    printf3.o(i.__0printf$3) refers to bsp_usart.o(.text) for fputc
    printf3.o(i.__0printf$3) refers to stdout.o(.data) for __stdout
    printf3.o(i.__0snprintf$3) refers to printf3.o(i._printf_core) for _printf_core
    printf3.o(i.__0snprintf$3) refers to printf3.o(i._snputc) for _snputc
    printf3.o(i.__0sprintf$3) refers to printf3.o(i._printf_core) for _printf_core
    printf3.o(i.__0sprintf$3) refers to printf3.o(i._sputc) for _sputc
    printf3.o(i.__0vfprintf$3) refers to printf3.o(i._printf_core) for _printf_core
    printf3.o(i.__0vfprintf$3) refers to bsp_usart.o(.text) for fputc
    printf3.o(i.__0vprintf$3) refers to printf3.o(i._printf_core) for _printf_core
    printf3.o(i.__0vprintf$3) refers to bsp_usart.o(.text) for fputc
    printf3.o(i.__0vprintf$3) refers to stdout.o(.data) for __stdout
    printf3.o(i.__0vsnprintf$3) refers to printf3.o(i._printf_core) for _printf_core
    printf3.o(i.__0vsnprintf$3) refers to printf3.o(i._snputc) for _snputc
    printf3.o(i.__0vsprintf$3) refers to printf3.o(i._printf_core) for _printf_core
    printf3.o(i.__0vsprintf$3) refers to printf3.o(i._sputc) for _sputc
    printf3.o(i._printf_core) refers to uidiv.o(.text) for __aeabi_uidivmod
    printf4.o(i.__0fprintf$4) refers to printf4.o(i._printf_core) for _printf_core
    printf4.o(i.__0fprintf$4) refers to bsp_usart.o(.text) for fputc
    printf4.o(i.__0printf$4) refers to printf4.o(i._printf_core) for _printf_core
    printf4.o(i.__0printf$4) refers to bsp_usart.o(.text) for fputc
    printf4.o(i.__0printf$4) refers to stdout.o(.data) for __stdout
    printf4.o(i.__0snprintf$4) refers to printf4.o(i._printf_core) for _printf_core
    printf4.o(i.__0snprintf$4) refers to printf4.o(i._snputc) for _snputc
    printf4.o(i.__0sprintf$4) refers to printf4.o(i._printf_core) for _printf_core
    printf4.o(i.__0sprintf$4) refers to printf4.o(i._sputc) for _sputc
    printf4.o(i.__0vfprintf$4) refers to printf4.o(i._printf_core) for _printf_core
    printf4.o(i.__0vfprintf$4) refers to bsp_usart.o(.text) for fputc
    printf4.o(i.__0vprintf$4) refers to printf4.o(i._printf_core) for _printf_core
    printf4.o(i.__0vprintf$4) refers to bsp_usart.o(.text) for fputc
    printf4.o(i.__0vprintf$4) refers to stdout.o(.data) for __stdout
    printf4.o(i.__0vsnprintf$4) refers to printf4.o(i._printf_core) for _printf_core
    printf4.o(i.__0vsnprintf$4) refers to printf4.o(i._snputc) for _snputc
    printf4.o(i.__0vsprintf$4) refers to printf4.o(i._printf_core) for _printf_core
    printf4.o(i.__0vsprintf$4) refers to printf4.o(i._sputc) for _sputc
    printf4.o(i._printf_core) refers to uldiv.o(.text) for __aeabi_uldivmod
    printf5.o(i.__0fprintf$5) refers to printf5.o(i._printf_core) for _printf_core
    printf5.o(i.__0fprintf$5) refers to bsp_usart.o(.text) for fputc
    printf5.o(i.__0printf$5) refers to printf5.o(i._printf_core) for _printf_core
    printf5.o(i.__0printf$5) refers to bsp_usart.o(.text) for fputc
    printf5.o(i.__0printf$5) refers to stdout.o(.data) for __stdout
    printf5.o(i.__0snprintf$5) refers to printf5.o(i._printf_core) for _printf_core
    printf5.o(i.__0snprintf$5) refers to printf5.o(i._snputc) for _snputc
    printf5.o(i.__0sprintf$5) refers to printf5.o(i._printf_core) for _printf_core
    printf5.o(i.__0sprintf$5) refers to printf5.o(i._sputc) for _sputc
    printf5.o(i.__0vfprintf$5) refers to printf5.o(i._printf_core) for _printf_core
    printf5.o(i.__0vfprintf$5) refers to bsp_usart.o(.text) for fputc
    printf5.o(i.__0vprintf$5) refers to printf5.o(i._printf_core) for _printf_core
    printf5.o(i.__0vprintf$5) refers to bsp_usart.o(.text) for fputc
    printf5.o(i.__0vprintf$5) refers to stdout.o(.data) for __stdout
    printf5.o(i.__0vsnprintf$5) refers to printf5.o(i._printf_core) for _printf_core
    printf5.o(i.__0vsnprintf$5) refers to printf5.o(i._snputc) for _snputc
    printf5.o(i.__0vsprintf$5) refers to printf5.o(i._printf_core) for _printf_core
    printf5.o(i.__0vsprintf$5) refers to printf5.o(i._sputc) for _sputc
    printf5.o(i._printf_core) refers to uldiv.o(.text) for __aeabi_uldivmod
    printf6.o(i.__0fprintf$6) refers to printf6.o(i._printf_core) for _printf_core
    printf6.o(i.__0fprintf$6) refers to bsp_usart.o(.text) for fputc
    printf6.o(i.__0printf$6) refers to printf6.o(i._printf_core) for _printf_core
    printf6.o(i.__0printf$6) refers to bsp_usart.o(.text) for fputc
    printf6.o(i.__0printf$6) refers to stdout.o(.data) for __stdout
    printf6.o(i.__0snprintf$6) refers to printf6.o(i._printf_core) for _printf_core
    printf6.o(i.__0snprintf$6) refers to printf6.o(i._snputc) for _snputc
    printf6.o(i.__0sprintf$6) refers to printf6.o(i._printf_core) for _printf_core
    printf6.o(i.__0sprintf$6) refers to printf6.o(i._sputc) for _sputc
    printf6.o(i.__0vfprintf$6) refers to printf6.o(i._printf_core) for _printf_core
    printf6.o(i.__0vfprintf$6) refers to bsp_usart.o(.text) for fputc
    printf6.o(i.__0vprintf$6) refers to printf6.o(i._printf_core) for _printf_core
    printf6.o(i.__0vprintf$6) refers to bsp_usart.o(.text) for fputc
    printf6.o(i.__0vprintf$6) refers to stdout.o(.data) for __stdout
    printf6.o(i.__0vsnprintf$6) refers to printf6.o(i._printf_core) for _printf_core
    printf6.o(i.__0vsnprintf$6) refers to printf6.o(i._snputc) for _snputc
    printf6.o(i.__0vsprintf$6) refers to printf6.o(i._printf_core) for _printf_core
    printf6.o(i.__0vsprintf$6) refers to printf6.o(i._sputc) for _sputc
    printf6.o(i._printf_core) refers to printf6.o(i._printf_pre_padding) for _printf_pre_padding
    printf6.o(i._printf_core) refers to uidiv.o(.text) for __aeabi_uidivmod
    printf6.o(i._printf_core) refers to printf6.o(i._printf_post_padding) for _printf_post_padding
    printf7.o(i.__0fprintf$7) refers to printf7.o(i._printf_core) for _printf_core
    printf7.o(i.__0fprintf$7) refers to bsp_usart.o(.text) for fputc
    printf7.o(i.__0printf$7) refers to printf7.o(i._printf_core) for _printf_core
    printf7.o(i.__0printf$7) refers to bsp_usart.o(.text) for fputc
    printf7.o(i.__0printf$7) refers to stdout.o(.data) for __stdout
    printf7.o(i.__0snprintf$7) refers to printf7.o(i._printf_core) for _printf_core
    printf7.o(i.__0snprintf$7) refers to printf7.o(i._snputc) for _snputc
    printf7.o(i.__0sprintf$7) refers to printf7.o(i._printf_core) for _printf_core
    printf7.o(i.__0sprintf$7) refers to printf7.o(i._sputc) for _sputc
    printf7.o(i.__0vfprintf$7) refers to printf7.o(i._printf_core) for _printf_core
    printf7.o(i.__0vfprintf$7) refers to bsp_usart.o(.text) for fputc
    printf7.o(i.__0vprintf$7) refers to printf7.o(i._printf_core) for _printf_core
    printf7.o(i.__0vprintf$7) refers to bsp_usart.o(.text) for fputc
    printf7.o(i.__0vprintf$7) refers to stdout.o(.data) for __stdout
    printf7.o(i.__0vsnprintf$7) refers to printf7.o(i._printf_core) for _printf_core
    printf7.o(i.__0vsnprintf$7) refers to printf7.o(i._snputc) for _snputc
    printf7.o(i.__0vsprintf$7) refers to printf7.o(i._printf_core) for _printf_core
    printf7.o(i.__0vsprintf$7) refers to printf7.o(i._sputc) for _sputc
    printf7.o(i._printf_core) refers to printf7.o(i._printf_pre_padding) for _printf_pre_padding
    printf7.o(i._printf_core) refers to uldiv.o(.text) for __aeabi_uldivmod
    printf7.o(i._printf_core) refers to printf7.o(i._printf_post_padding) for _printf_post_padding
    printf8.o(i.__0fprintf$8) refers to printf8.o(i._printf_core) for _printf_core
    printf8.o(i.__0fprintf$8) refers to bsp_usart.o(.text) for fputc
    printf8.o(i.__0printf$8) refers to printf8.o(i._printf_core) for _printf_core
    printf8.o(i.__0printf$8) refers to bsp_usart.o(.text) for fputc
    printf8.o(i.__0printf$8) refers to stdout.o(.data) for __stdout
    printf8.o(i.__0snprintf$8) refers to printf8.o(i._printf_core) for _printf_core
    printf8.o(i.__0snprintf$8) refers to printf8.o(i._snputc) for _snputc
    printf8.o(i.__0sprintf$8) refers to printf8.o(i._printf_core) for _printf_core
    printf8.o(i.__0sprintf$8) refers to printf8.o(i._sputc) for _sputc
    printf8.o(i.__0vfprintf$8) refers to printf8.o(i._printf_core) for _printf_core
    printf8.o(i.__0vfprintf$8) refers to bsp_usart.o(.text) for fputc
    printf8.o(i.__0vprintf$8) refers to printf8.o(i._printf_core) for _printf_core
    printf8.o(i.__0vprintf$8) refers to bsp_usart.o(.text) for fputc
    printf8.o(i.__0vprintf$8) refers to stdout.o(.data) for __stdout
    printf8.o(i.__0vsnprintf$8) refers to printf8.o(i._printf_core) for _printf_core
    printf8.o(i.__0vsnprintf$8) refers to printf8.o(i._snputc) for _snputc
    printf8.o(i.__0vsprintf$8) refers to printf8.o(i._printf_core) for _printf_core
    printf8.o(i.__0vsprintf$8) refers to printf8.o(i._sputc) for _sputc
    printf8.o(i._printf_core) refers to printf8.o(i._printf_pre_padding) for _printf_pre_padding
    printf8.o(i._printf_core) refers to uldiv.o(.text) for __aeabi_uldivmod
    printf8.o(i._printf_core) refers to printf8.o(i._printf_post_padding) for _printf_post_padding
    printfa.o(i.__0fprintf) refers (Special) to iusefp.o(.text) for __I$use$fp
    printfa.o(i.__0fprintf) refers to printfa.o(i._printf_core) for _printf_core
    printfa.o(i.__0fprintf) refers to bsp_usart.o(.text) for fputc
    printfa.o(i.__0printf) refers (Special) to iusefp.o(.text) for __I$use$fp
    printfa.o(i.__0printf) refers to printfa.o(i._printf_core) for _printf_core
    printfa.o(i.__0printf) refers to bsp_usart.o(.text) for fputc
    printfa.o(i.__0printf) refers to stdout.o(.data) for __stdout
    printfa.o(i.__0snprintf) refers (Special) to iusefp.o(.text) for __I$use$fp
    printfa.o(i.__0snprintf) refers to printfa.o(i._printf_core) for _printf_core
    printfa.o(i.__0snprintf) refers to printfa.o(i._snputc) for _snputc
    printfa.o(i.__0sprintf) refers (Special) to iusefp.o(.text) for __I$use$fp
    printfa.o(i.__0sprintf) refers to printfa.o(i._printf_core) for _printf_core
    printfa.o(i.__0sprintf) refers to printfa.o(i._sputc) for _sputc
    printfa.o(i.__0vfprintf) refers (Special) to iusefp.o(.text) for __I$use$fp
    printfa.o(i.__0vfprintf) refers to printfa.o(i._printf_core) for _printf_core
    printfa.o(i.__0vfprintf) refers to bsp_usart.o(.text) for fputc
    printfa.o(i.__0vprintf) refers (Special) to iusefp.o(.text) for __I$use$fp
    printfa.o(i.__0vprintf) refers to printfa.o(i._printf_core) for _printf_core
    printfa.o(i.__0vprintf) refers to bsp_usart.o(.text) for fputc
    printfa.o(i.__0vprintf) refers to stdout.o(.data) for __stdout
    printfa.o(i.__0vsnprintf) refers (Special) to iusefp.o(.text) for __I$use$fp
    printfa.o(i.__0vsnprintf) refers to printfa.o(i._printf_core) for _printf_core
    printfa.o(i.__0vsnprintf) refers to printfa.o(i._snputc) for _snputc
    printfa.o(i.__0vsprintf) refers (Special) to iusefp.o(.text) for __I$use$fp
    printfa.o(i.__0vsprintf) refers to printfa.o(i._printf_core) for _printf_core
    printfa.o(i.__0vsprintf) refers to printfa.o(i._sputc) for _sputc
    printfa.o(i._fp_digits) refers (Special) to iusefp.o(.text) for __I$use$fp
    printfa.o(i._fp_digits) refers to dmul.o(.text) for __aeabi_dmul
    printfa.o(i._fp_digits) refers to ddiv.o(.text) for __aeabi_ddiv
    printfa.o(i._fp_digits) refers to cdrcmple.o(.text) for __aeabi_cdrcmple
    printfa.o(i._fp_digits) refers to dadd.o(.text) for __aeabi_dadd
    printfa.o(i._fp_digits) refers to dfixul.o(.text) for __aeabi_d2ulz
    printfa.o(i._fp_digits) refers to uldiv.o(.text) for __aeabi_uldivmod
    printfa.o(i._printf_core) refers (Special) to iusefp.o(.text) for __I$use$fp
    printfa.o(i._printf_core) refers to printfa.o(i._printf_pre_padding) for _printf_pre_padding
    printfa.o(i._printf_core) refers to uldiv.o(.text) for __aeabi_uldivmod
    printfa.o(i._printf_core) refers to printfa.o(i._printf_post_padding) for _printf_post_padding
    printfa.o(i._printf_core) refers to printfa.o(i._fp_digits) for _fp_digits
    printfa.o(i._printf_core) refers to uidiv.o(.text) for __aeabi_uidivmod
    printfa.o(i._printf_post_padding) refers (Special) to iusefp.o(.text) for __I$use$fp
    printfa.o(i._printf_pre_padding) refers (Special) to iusefp.o(.text) for __I$use$fp
    printfa.o(i._snputc) refers (Special) to iusefp.o(.text) for __I$use$fp
    printfa.o(i._sputc) refers (Special) to iusefp.o(.text) for __I$use$fp
    fadd.o(.text) refers (Special) to iusefp.o(.text) for __I$use$fp
    fadd.o(.text) refers to fepilogue.o(.text) for _float_epilogue
    fmul.o(.text) refers (Special) to iusefp.o(.text) for __I$use$fp
    fdiv.o(.text) refers (Special) to iusefp.o(.text) for __I$use$fp
    fdiv.o(.text) refers to fepilogue.o(.text) for _float_round
    dmul.o(.text) refers (Special) to iusefp.o(.text) for __I$use$fp
    dmul.o(.text) refers to depilogue.o(.text) for _double_epilogue
    ddiv.o(.text) refers (Special) to iusefp.o(.text) for __I$use$fp
    ddiv.o(.text) refers to depilogue.o(.text) for _double_round
    fflti.o(.text) refers (Special) to iusefp.o(.text) for __I$use$fp
    fflti.o(.text) refers to fepilogue.o(.text) for _float_epilogue
    ffltui.o(.text) refers (Special) to iusefp.o(.text) for __I$use$fp
    ffltui.o(.text) refers to fepilogue.o(.text) for _float_epilogue
    ffixi.o(.text) refers (Special) to iusefp.o(.text) for __I$use$fp
    ffixui.o(.text) refers (Special) to iusefp.o(.text) for __I$use$fp
    f2d.o(.text) refers (Special) to iusefp.o(.text) for __I$use$fp
    d2f.o(.text) refers (Special) to iusefp.o(.text) for __I$use$fp
    d2f.o(.text) refers to fepilogue.o(.text) for _float_round
    cfcmple.o(.text) refers (Special) to iusefp.o(.text) for __I$use$fp
    cfrcmple.o(.text) refers (Special) to iusefp.o(.text) for __I$use$fp
    entry2.o(.ARM.Collect$$$$00000001) refers to entry2.o(.ARM.Collect$$$$00002712) for __lit__00000000
    entry2.o(.ARM.Collect$$$$00002712) refers to startup_stm32f10x_md.o(STACK) for __initial_sp
    entry2.o(__vectab_stack_and_reset_area) refers to startup_stm32f10x_md.o(STACK) for __initial_sp
    entry2.o(__vectab_stack_and_reset_area) refers to entry.o(.ARM.Collect$$$$00000000) for __main
    entry5.o(.ARM.Collect$$$$00000004) refers to init.o(.text) for __scatterload
    entry9a.o(.ARM.Collect$$$$0000000B) refers to main.o(.text) for main
    entry9b.o(.ARM.Collect$$$$0000000C) refers to main.o(.text) for main
    uldiv.o(.text) refers to llushr.o(.text) for __aeabi_llsr
    uldiv.o(.text) refers to llshl.o(.text) for __aeabi_llsl
    depilogue.o(.text) refers to llshl.o(.text) for __aeabi_llsl
    depilogue.o(.text) refers to llushr.o(.text) for __aeabi_llsr
    dadd.o(.text) refers to llshl.o(.text) for __aeabi_llsl
    dadd.o(.text) refers to llsshr.o(.text) for __aeabi_lasr
    dadd.o(.text) refers to depilogue.o(.text) for _double_epilogue
    dfixul.o(.text) refers to llushr.o(.text) for __aeabi_llsr
    dfixul.o(.text) refers to llshl.o(.text) for __aeabi_llsl
    init.o(.text) refers to entry5.o(.ARM.Collect$$$$00000004) for __main_after_scatterload


==============================================================================

Removing Unused input sections from the image.

    Removing startup_stm32f10x_md.o(HEAP), (512 bytes).
    Removing core_cm3.o(.emb_text), (32 bytes).
    Removing stm32f10x_adc.o(.text), (1102 bytes).
    Removing stm32f10x_bkp.o(.text), (196 bytes).
    Removing stm32f10x_can.o(.text), (2544 bytes).
    Removing stm32f10x_cec.o(.text), (288 bytes).
    Removing stm32f10x_crc.o(.text), (72 bytes).
    Removing stm32f10x_dac.o(.text), (396 bytes).
    Removing stm32f10x_dbgmcu.o(.text), (48 bytes).
    Removing stm32f10x_dma.o(.text), (596 bytes).
    Removing stm32f10x_exti.o(.text), (284 bytes).
    Removing stm32f10x_flash.o(.text), (1468 bytes).
    Removing stm32f10x_fsmc.o(.text), (1548 bytes).
    Removing stm32f10x_iwdg.o(.text), (64 bytes).
    Removing stm32f10x_pwr.o(.text), (204 bytes).
    Removing stm32f10x_rtc.o(.text), (328 bytes).
    Removing stm32f10x_sdio.o(.text), (468 bytes).
    Removing stm32f10x_spi.o(.text), (780 bytes).
    Removing stm32f10x_wwdg.o(.text), (136 bytes).
    Removing filter.o(.text), (204 bytes).
    Removing bsp_trail.o(.data), (1 bytes).
    Removing fflti.o(.text), (18 bytes).
    Removing ffixi.o(.text), (50 bytes).

23 unused section(s) (total 11339 bytes) removed from the image.

==============================================================================

Image Symbol Table

    Local Symbols

    Symbol Name                              Value     Ov Type        Size  Object(Section)

    ../clib/../cmprslib/zerorunl2.c          0x00000000   Number         0  __dczerorl2.o ABSOLUTE
    ../clib/microlib/division.c              0x00000000   Number         0  uidiv.o ABSOLUTE
    ../clib/microlib/division.c              0x00000000   Number         0  uldiv.o ABSOLUTE
    ../clib/microlib/init/entry.s            0x00000000   Number         0  entry7a.o ABSOLUTE
    ../clib/microlib/init/entry.s            0x00000000   Number         0  entry9a.o ABSOLUTE
    ../clib/microlib/init/entry.s            0x00000000   Number         0  entry8b.o ABSOLUTE
    ../clib/microlib/init/entry.s            0x00000000   Number         0  entry8a.o ABSOLUTE
    ../clib/microlib/init/entry.s            0x00000000   Number         0  entry7b.o ABSOLUTE
    ../clib/microlib/init/entry.s            0x00000000   Number         0  entry10b.o ABSOLUTE
    ../clib/microlib/init/entry.s            0x00000000   Number         0  entry11a.o ABSOLUTE
    ../clib/microlib/init/entry.s            0x00000000   Number         0  entry9b.o ABSOLUTE
    ../clib/microlib/init/entry.s            0x00000000   Number         0  entry11b.o ABSOLUTE
    ../clib/microlib/init/entry.s            0x00000000   Number         0  entry5.o ABSOLUTE
    ../clib/microlib/init/entry.s            0x00000000   Number         0  entry2.o ABSOLUTE
    ../clib/microlib/init/entry.s            0x00000000   Number         0  entry.o ABSOLUTE
    ../clib/microlib/init/entry.s            0x00000000   Number         0  entry10a.o ABSOLUTE
    ../clib/microlib/longlong.c              0x00000000   Number         0  llushr.o ABSOLUTE
    ../clib/microlib/longlong.c              0x00000000   Number         0  llshl.o ABSOLUTE
    ../clib/microlib/longlong.c              0x00000000   Number         0  llsshr.o ABSOLUTE
    ../clib/microlib/printf/printf.c         0x00000000   Number         0  printf4.o ABSOLUTE
    ../clib/microlib/printf/printf.c         0x00000000   Number         0  printf3.o ABSOLUTE
    ../clib/microlib/printf/printf.c         0x00000000   Number         0  printf2.o ABSOLUTE
    ../clib/microlib/printf/printf.c         0x00000000   Number         0  printf1.o ABSOLUTE
    ../clib/microlib/printf/printf.c         0x00000000   Number         0  printf0.o ABSOLUTE
    ../clib/microlib/printf/printf.c         0x00000000   Number         0  printf7.o ABSOLUTE
    ../clib/microlib/printf/printf.c         0x00000000   Number         0  printfb.o ABSOLUTE
    ../clib/microlib/printf/printf.c         0x00000000   Number         0  printf6.o ABSOLUTE
    ../clib/microlib/printf/printf.c         0x00000000   Number         0  printf8.o ABSOLUTE
    ../clib/microlib/printf/printf.c         0x00000000   Number         0  printfa.o ABSOLUTE
    ../clib/microlib/printf/printf.c         0x00000000   Number         0  printf5.o ABSOLUTE
    ../clib/microlib/printf/stubs.s          0x00000000   Number         0  stubs.o ABSOLUTE
    ../clib/microlib/stdio/streams.c         0x00000000   Number         0  stdout.o ABSOLUTE
    ../clib/microlib/stubs.s                 0x00000000   Number         0  iusefp.o ABSOLUTE
    ../fplib/microlib/d2f.c                  0x00000000   Number         0  d2f.o ABSOLUTE
    ../fplib/microlib/f2d.c                  0x00000000   Number         0  f2d.o ABSOLUTE
    ../fplib/microlib/fpadd.c                0x00000000   Number         0  dadd.o ABSOLUTE
    ../fplib/microlib/fpadd.c                0x00000000   Number         0  fadd.o ABSOLUTE
    ../fplib/microlib/fpdiv.c                0x00000000   Number         0  ddiv.o ABSOLUTE
    ../fplib/microlib/fpdiv.c                0x00000000   Number         0  fdiv.o ABSOLUTE
    ../fplib/microlib/fpepilogue.c           0x00000000   Number         0  depilogue.o ABSOLUTE
    ../fplib/microlib/fpepilogue.c           0x00000000   Number         0  fepilogue.o ABSOLUTE
    ../fplib/microlib/fpfix.c                0x00000000   Number         0  ffixi.o ABSOLUTE
    ../fplib/microlib/fpfix.c                0x00000000   Number         0  ffixui.o ABSOLUTE
    ../fplib/microlib/fpfix.c                0x00000000   Number         0  dfixul.o ABSOLUTE
    ../fplib/microlib/fpflt.c                0x00000000   Number         0  fflti.o ABSOLUTE
    ../fplib/microlib/fpflt.c                0x00000000   Number         0  ffltui.o ABSOLUTE
    ../fplib/microlib/fpmul.c                0x00000000   Number         0  dmul.o ABSOLUTE
    ../fplib/microlib/fpmul.c                0x00000000   Number         0  fmul.o ABSOLUTE
    ..\..\Libraries\CMSIS\core_cm3.c         0x00000000   Number         0  core_cm3.o ABSOLUTE
    ..\..\Libraries\CMSIS\startup\startup_stm32f10x_md.s 0x00000000   Number         0  startup_stm32f10x_md.o ABSOLUTE
    ..\..\Libraries\CMSIS\system_stm32f10x.c 0x00000000   Number         0  system_stm32f10x.o ABSOLUTE
    ..\..\Libraries\FWlib\src\misc.c         0x00000000   Number         0  misc.o ABSOLUTE
    ..\..\Libraries\FWlib\src\stm32f10x_adc.c 0x00000000   Number         0  stm32f10x_adc.o ABSOLUTE
    ..\..\Libraries\FWlib\src\stm32f10x_bkp.c 0x00000000   Number         0  stm32f10x_bkp.o ABSOLUTE
    ..\..\Libraries\FWlib\src\stm32f10x_can.c 0x00000000   Number         0  stm32f10x_can.o ABSOLUTE
    ..\..\Libraries\FWlib\src\stm32f10x_cec.c 0x00000000   Number         0  stm32f10x_cec.o ABSOLUTE
    ..\..\Libraries\FWlib\src\stm32f10x_crc.c 0x00000000   Number         0  stm32f10x_crc.o ABSOLUTE
    ..\..\Libraries\FWlib\src\stm32f10x_dac.c 0x00000000   Number         0  stm32f10x_dac.o ABSOLUTE
    ..\..\Libraries\FWlib\src\stm32f10x_dbgmcu.c 0x00000000   Number         0  stm32f10x_dbgmcu.o ABSOLUTE
    ..\..\Libraries\FWlib\src\stm32f10x_dma.c 0x00000000   Number         0  stm32f10x_dma.o ABSOLUTE
    ..\..\Libraries\FWlib\src\stm32f10x_exti.c 0x00000000   Number         0  stm32f10x_exti.o ABSOLUTE
    ..\..\Libraries\FWlib\src\stm32f10x_flash.c 0x00000000   Number         0  stm32f10x_flash.o ABSOLUTE
    ..\..\Libraries\FWlib\src\stm32f10x_fsmc.c 0x00000000   Number         0  stm32f10x_fsmc.o ABSOLUTE
    ..\..\Libraries\FWlib\src\stm32f10x_gpio.c 0x00000000   Number         0  stm32f10x_gpio.o ABSOLUTE
    ..\..\Libraries\FWlib\src\stm32f10x_i2c.c 0x00000000   Number         0  stm32f10x_i2c.o ABSOLUTE
    ..\..\Libraries\FWlib\src\stm32f10x_iwdg.c 0x00000000   Number         0  stm32f10x_iwdg.o ABSOLUTE
    ..\..\Libraries\FWlib\src\stm32f10x_pwr.c 0x00000000   Number         0  stm32f10x_pwr.o ABSOLUTE
    ..\..\Libraries\FWlib\src\stm32f10x_rcc.c 0x00000000   Number         0  stm32f10x_rcc.o ABSOLUTE
    ..\..\Libraries\FWlib\src\stm32f10x_rtc.c 0x00000000   Number         0  stm32f10x_rtc.o ABSOLUTE
    ..\..\Libraries\FWlib\src\stm32f10x_sdio.c 0x00000000   Number         0  stm32f10x_sdio.o ABSOLUTE
    ..\..\Libraries\FWlib\src\stm32f10x_spi.c 0x00000000   Number         0  stm32f10x_spi.o ABSOLUTE
    ..\..\Libraries\FWlib\src\stm32f10x_tim.c 0x00000000   Number         0  stm32f10x_tim.o ABSOLUTE
    ..\..\Libraries\FWlib\src\stm32f10x_usart.c 0x00000000   Number         0  stm32f10x_usart.o ABSOLUTE
    ..\..\Libraries\FWlib\src\stm32f10x_wwdg.c 0x00000000   Number         0  stm32f10x_wwdg.o ABSOLUTE
    ..\..\User\HC-SR04\bsp_hc_sr04.c         0x00000000   Number         0  bsp_hc_sr04.o ABSOLUTE
    ..\..\User\OLED\OLED_I2C.c               0x00000000   Number         0  oled_i2c.o ABSOLUTE
    ..\..\User\SysTick\bsp_SysTick.c         0x00000000   Number         0  bsp_systick.o ABSOLUTE
    ..\..\User\filter\filter.c               0x00000000   Number         0  filter.o ABSOLUTE
    ..\..\User\led\bsp_led.c                 0x00000000   Number         0  bsp_led.o ABSOLUTE
    ..\..\User\main.c                        0x00000000   Number         0  main.o ABSOLUTE
    ..\..\User\motor\bsp_motor.c             0x00000000   Number         0  bsp_motor.o ABSOLUTE
    ..\..\User\motor\encoder.c               0x00000000   Number         0  encoder.o ABSOLUTE
    ..\..\User\pid\pid.c                     0x00000000   Number         0  pid.o ABSOLUTE
    ..\..\User\stm32f10x_it.c                0x00000000   Number         0  stm32f10x_it.o ABSOLUTE
    ..\..\User\trail\bsp_trail.c             0x00000000   Number         0  bsp_trail.o ABSOLUTE
    ..\..\User\usart\bsp_usart.c             0x00000000   Number         0  bsp_usart.o ABSOLUTE
    ..\\..\\Libraries\\CMSIS\\core_cm3.c     0x00000000   Number         0  core_cm3.o ABSOLUTE
    cdrcmple.s                               0x00000000   Number         0  cdrcmple.o ABSOLUTE
    cfcmple.s                                0x00000000   Number         0  cfcmple.o ABSOLUTE
    cfrcmple.s                               0x00000000   Number         0  cfrcmple.o ABSOLUTE
    dc.s                                     0x00000000   Number         0  dc.o ABSOLUTE
    handlers.s                               0x00000000   Number         0  handlers.o ABSOLUTE
    init.s                                   0x00000000   Number         0  init.o ABSOLUTE
    RESET                                    0x08000000   Section      236  startup_stm32f10x_md.o(RESET)
    .ARM.Collect$$$$00000000                 0x080000ec   Section        0  entry.o(.ARM.Collect$$$$00000000)
    .ARM.Collect$$$$00000001                 0x080000ec   Section        4  entry2.o(.ARM.Collect$$$$00000001)
    .ARM.Collect$$$$00000004                 0x080000f0   Section        4  entry5.o(.ARM.Collect$$$$00000004)
    .ARM.Collect$$$$00000008                 0x080000f4   Section        0  entry7b.o(.ARM.Collect$$$$00000008)
    .ARM.Collect$$$$0000000A                 0x080000f4   Section        0  entry8b.o(.ARM.Collect$$$$0000000A)
    .ARM.Collect$$$$0000000B                 0x080000f4   Section        8  entry9a.o(.ARM.Collect$$$$0000000B)
    .ARM.Collect$$$$0000000D                 0x080000fc   Section        0  entry10a.o(.ARM.Collect$$$$0000000D)
    .ARM.Collect$$$$0000000F                 0x080000fc   Section        0  entry11a.o(.ARM.Collect$$$$0000000F)
    .ARM.Collect$$$$00002712                 0x080000fc   Section        4  entry2.o(.ARM.Collect$$$$00002712)
    __lit__00000000                          0x080000fc   Data           4  entry2.o(.ARM.Collect$$$$00002712)
    .text                                    0x08000100   Section       36  startup_stm32f10x_md.o(.text)
    .text                                    0x08000124   Section        0  system_stm32f10x.o(.text)
    SetSysClockTo72                          0x08000125   Thumb Code   214  system_stm32f10x.o(.text)
    SetSysClock                              0x080001fb   Thumb Code     8  system_stm32f10x.o(.text)
    .text                                    0x08000304   Section        0  misc.o(.text)
    .text                                    0x080003e0   Section        0  stm32f10x_gpio.o(.text)
    .text                                    0x0800073c   Section        0  stm32f10x_i2c.o(.text)
    .text                                    0x08000b40   Section        0  stm32f10x_rcc.o(.text)
    .text                                    0x08000ee4   Section        0  stm32f10x_tim.o(.text)
    TI4_Config                               0x0800138b   Thumb Code   130  stm32f10x_tim.o(.text)
    TI3_Config                               0x0800141f   Thumb Code   122  stm32f10x_tim.o(.text)
    TI2_Config                               0x080014b3   Thumb Code   130  stm32f10x_tim.o(.text)
    TI1_Config                               0x08001547   Thumb Code   108  stm32f10x_tim.o(.text)
    .text                                    0x08001d00   Section        0  stm32f10x_usart.o(.text)
    .text                                    0x08002108   Section        0  main.o(.text)
    .text                                    0x08002338   Section        0  stm32f10x_it.o(.text)
    .text                                    0x08002460   Section        0  bsp_usart.o(.text)
    NVIC_Configuration                       0x08002461   Thumb Code    38  bsp_usart.o(.text)
    .text                                    0x08002600   Section        0  bsp_led.o(.text)
    .text                                    0x08002638   Section        0  bsp_motor.o(.text)
    TIM1_GPIO_Config                         0x08002639   Thumb Code   148  bsp_motor.o(.text)
    TIM1_Mode_Config                         0x080026cd   Thumb Code   172  bsp_motor.o(.text)
    .text                                    0x08002870   Section        0  encoder.o(.text)
    .text                                    0x08002aac   Section        0  bsp_systick.o(.text)
    .text                                    0x08002b74   Section        0  pid.o(.text)
    .text                                    0x08002c44   Section        0  oled_i2c.o(.text)
    .text                                    0x08003154   Section        0  bsp_hc_sr04.o(.text)
    StartTimer                               0x08003231   Thumb Code    26  bsp_hc_sr04.o(.text)
    StopTimer                                0x0800324b   Thumb Code    12  bsp_hc_sr04.o(.text)
    .text                                    0x08003354   Section        0  bsp_trail.o(.text)
    .text                                    0x0800338c   Section        0  fadd.o(.text)
    .text                                    0x0800343c   Section        0  fmul.o(.text)
    .text                                    0x080034a0   Section        0  fdiv.o(.text)
    .text                                    0x0800351c   Section        0  dmul.o(.text)
    .text                                    0x08003600   Section        0  ddiv.o(.text)
    .text                                    0x080036de   Section        0  ffltui.o(.text)
    .text                                    0x080036e8   Section        0  ffixui.o(.text)
    .text                                    0x08003710   Section        0  f2d.o(.text)
    .text                                    0x08003736   Section        0  d2f.o(.text)
    .text                                    0x08003770   Section       20  cfcmple.o(.text)
    .text                                    0x08003784   Section       20  cfrcmple.o(.text)
    .text                                    0x08003798   Section        0  uidiv.o(.text)
    .text                                    0x080037c4   Section        0  uldiv.o(.text)
    .text                                    0x08003826   Section        0  iusefp.o(.text)
    .text                                    0x08003826   Section        0  fepilogue.o(.text)
    .text                                    0x08003894   Section        0  depilogue.o(.text)
    .text                                    0x0800394e   Section        0  dadd.o(.text)
    .text                                    0x08003a9c   Section        0  dfixul.o(.text)
    .text                                    0x08003acc   Section       48  cdrcmple.o(.text)
    .text                                    0x08003afc   Section       36  init.o(.text)
    .text                                    0x08003b20   Section        0  llshl.o(.text)
    .text                                    0x08003b3e   Section        0  llushr.o(.text)
    .text                                    0x08003b5e   Section        0  llsshr.o(.text)
    .text                                    0x08003b82   Section        0  __dczerorl2.o(.text)
    i.__0sprintf                             0x08003bd8   Section        0  printfa.o(i.__0sprintf)
    i.__scatterload_copy                     0x08003c00   Section       14  handlers.o(i.__scatterload_copy)
    i.__scatterload_null                     0x08003c0e   Section        2  handlers.o(i.__scatterload_null)
    i.__scatterload_zeroinit                 0x08003c10   Section       14  handlers.o(i.__scatterload_zeroinit)
    i._fp_digits                             0x08003c20   Section        0  printfa.o(i._fp_digits)
    _fp_digits                               0x08003c21   Thumb Code   334  printfa.o(i._fp_digits)
    i._printf_core                           0x08003d84   Section        0  printfa.o(i._printf_core)
    _printf_core                             0x08003d85   Thumb Code  1744  printfa.o(i._printf_core)
    i._printf_post_padding                   0x08004460   Section        0  printfa.o(i._printf_post_padding)
    _printf_post_padding                     0x08004461   Thumb Code    36  printfa.o(i._printf_post_padding)
    i._printf_pre_padding                    0x08004484   Section        0  printfa.o(i._printf_pre_padding)
    _printf_pre_padding                      0x08004485   Thumb Code    46  printfa.o(i._printf_pre_padding)
    i._sputc                                 0x080044b2   Section        0  printfa.o(i._sputc)
    _sputc                                   0x080044b3   Thumb Code    10  printfa.o(i._sputc)
    .constdata                               0x080044bc   Section     2072  oled_i2c.o(.constdata)
    .data                                    0x20000000   Section       20  system_stm32f10x.o(.data)
    .data                                    0x20000014   Section       20  stm32f10x_rcc.o(.data)
    APBAHBPrescTable                         0x20000014   Data          16  stm32f10x_rcc.o(.data)
    ADCPrescTable                            0x20000024   Data           4  stm32f10x_rcc.o(.data)
    .data                                    0x20000028   Section       13  main.o(.data)
    .data                                    0x20000035   Section        5  stm32f10x_it.o(.data)
    RxState                                  0x20000038   Data           1  stm32f10x_it.o(.data)
    Rx_Last                                  0x20000039   Data           1  stm32f10x_it.o(.data)
    .data                                    0x2000003a   Section        4  bsp_systick.o(.data)
    .data                                    0x2000003e   Section     1184  oled_i2c.o(.data)
    .data                                    0x200004de   Section        2  bsp_hc_sr04.o(.data)
    .bss                                     0x200004e0   Section       96  main.o(.bss)
    STACK                                    0x20000540   Section     1024  startup_stm32f10x_md.o(STACK)

    Global Symbols

    Symbol Name                              Value     Ov Type        Size  Object(Section)

    BuildAttributes$$THM_ISAv4$P$D$K$B$S$PE$A:L22UL41UL21$X:L11$S22US41US21$IEEE1$IW$USESV6$~STKCKD$USESV7$~SHL$OTIME$ROPI$EBA8$MICROLIB$REQ8$PRES8$EABIv2 0x00000000   Number         0  anon$$obj.o ABSOLUTE
    __ARM_use_no_argv                        0x00000000   Number         0  main.o ABSOLUTE
    _printf_a                                0x00000000   Number         0  stubs.o ABSOLUTE
    _printf_c                                0x00000000   Number         0  stubs.o ABSOLUTE
    _printf_charcount                        0x00000000   Number         0  stubs.o ABSOLUTE
    _printf_d                                0x00000000   Number         0  stubs.o ABSOLUTE
    _printf_e                                0x00000000   Number         0  stubs.o ABSOLUTE
    _printf_f                                0x00000000   Number         0  stubs.o ABSOLUTE
    _printf_flags                            0x00000000   Number         0  stubs.o ABSOLUTE
    _printf_fp_dec                           0x00000000   Number         0  stubs.o ABSOLUTE
    _printf_fp_hex                           0x00000000   Number         0  stubs.o ABSOLUTE
    _printf_g                                0x00000000   Number         0  stubs.o ABSOLUTE
    _printf_i                                0x00000000   Number         0  stubs.o ABSOLUTE
    _printf_int_dec                          0x00000000   Number         0  stubs.o ABSOLUTE
    _printf_l                                0x00000000   Number         0  stubs.o ABSOLUTE
    _printf_lc                               0x00000000   Number         0  stubs.o ABSOLUTE
    _printf_ll                               0x00000000   Number         0  stubs.o ABSOLUTE
    _printf_lld                              0x00000000   Number         0  stubs.o ABSOLUTE
    _printf_lli                              0x00000000   Number         0  stubs.o ABSOLUTE
    _printf_llo                              0x00000000   Number         0  stubs.o ABSOLUTE
    _printf_llu                              0x00000000   Number         0  stubs.o ABSOLUTE
    _printf_llx                              0x00000000   Number         0  stubs.o ABSOLUTE
    _printf_longlong_dec                     0x00000000   Number         0  stubs.o ABSOLUTE
    _printf_longlong_hex                     0x00000000   Number         0  stubs.o ABSOLUTE
    _printf_longlong_oct                     0x00000000   Number         0  stubs.o ABSOLUTE
    _printf_ls                               0x00000000   Number         0  stubs.o ABSOLUTE
    _printf_mbtowc                           0x00000000   Number         0  stubs.o ABSOLUTE
    _printf_n                                0x00000000   Number         0  stubs.o ABSOLUTE
    _printf_o                                0x00000000   Number         0  stubs.o ABSOLUTE
    _printf_p                                0x00000000   Number         0  stubs.o ABSOLUTE
    _printf_percent                          0x00000000   Number         0  stubs.o ABSOLUTE
    _printf_pre_padding                      0x00000000   Number         0  stubs.o ABSOLUTE
    _printf_return_value                     0x00000000   Number         0  stubs.o ABSOLUTE
    _printf_s                                0x00000000   Number         0  stubs.o ABSOLUTE
    _printf_sizespec                         0x00000000   Number         0  stubs.o ABSOLUTE
    _printf_str                              0x00000000   Number         0  stubs.o ABSOLUTE
    _printf_truncate_signed                  0x00000000   Number         0  stubs.o ABSOLUTE
    _printf_truncate_unsigned                0x00000000   Number         0  stubs.o ABSOLUTE
    _printf_u                                0x00000000   Number         0  stubs.o ABSOLUTE
    _printf_wc                               0x00000000   Number         0  stubs.o ABSOLUTE
    _printf_wctomb                           0x00000000   Number         0  stubs.o ABSOLUTE
    _printf_widthprec                        0x00000000   Number         0  stubs.o ABSOLUTE
    _printf_x                                0x00000000   Number         0  stubs.o ABSOLUTE
    __cpp_initialize__aeabi_                  - Undefined Weak Reference
    __cxa_finalize                            - Undefined Weak Reference
    _clock_init                               - Undefined Weak Reference
    _microlib_exit                            - Undefined Weak Reference
    __Vectors_Size                           0x000000ec   Number         0  startup_stm32f10x_md.o ABSOLUTE
    __Vectors                                0x08000000   Data           4  startup_stm32f10x_md.o(RESET)
    __Vectors_End                            0x080000ec   Data           0  startup_stm32f10x_md.o(RESET)
    __main                                   0x080000ed   Thumb Code     0  entry.o(.ARM.Collect$$$$00000000)
    _main_stk                                0x080000ed   Thumb Code     0  entry2.o(.ARM.Collect$$$$00000001)
    _main_scatterload                        0x080000f1   Thumb Code     0  entry5.o(.ARM.Collect$$$$00000004)
    __main_after_scatterload                 0x080000f5   Thumb Code     0  entry5.o(.ARM.Collect$$$$00000004)
    _main_clock                              0x080000f5   Thumb Code     0  entry7b.o(.ARM.Collect$$$$00000008)
    _main_cpp_init                           0x080000f5   Thumb Code     0  entry8b.o(.ARM.Collect$$$$0000000A)
    _main_init                               0x080000f5   Thumb Code     0  entry9a.o(.ARM.Collect$$$$0000000B)
    __rt_final_cpp                           0x080000fd   Thumb Code     0  entry10a.o(.ARM.Collect$$$$0000000D)
    __rt_final_exit                          0x080000fd   Thumb Code     0  entry11a.o(.ARM.Collect$$$$0000000F)
    Reset_Handler                            0x08000101   Thumb Code     8  startup_stm32f10x_md.o(.text)
    ADC1_2_IRQHandler                        0x0800011b   Thumb Code     0  startup_stm32f10x_md.o(.text)
    CAN1_RX1_IRQHandler                      0x0800011b   Thumb Code     0  startup_stm32f10x_md.o(.text)
    CAN1_SCE_IRQHandler                      0x0800011b   Thumb Code     0  startup_stm32f10x_md.o(.text)
    DMA1_Channel1_IRQHandler                 0x0800011b   Thumb Code     0  startup_stm32f10x_md.o(.text)
    DMA1_Channel2_IRQHandler                 0x0800011b   Thumb Code     0  startup_stm32f10x_md.o(.text)
    DMA1_Channel3_IRQHandler                 0x0800011b   Thumb Code     0  startup_stm32f10x_md.o(.text)
    DMA1_Channel4_IRQHandler                 0x0800011b   Thumb Code     0  startup_stm32f10x_md.o(.text)
    DMA1_Channel5_IRQHandler                 0x0800011b   Thumb Code     0  startup_stm32f10x_md.o(.text)
    DMA1_Channel6_IRQHandler                 0x0800011b   Thumb Code     0  startup_stm32f10x_md.o(.text)
    DMA1_Channel7_IRQHandler                 0x0800011b   Thumb Code     0  startup_stm32f10x_md.o(.text)
    EXTI0_IRQHandler                         0x0800011b   Thumb Code     0  startup_stm32f10x_md.o(.text)
    EXTI15_10_IRQHandler                     0x0800011b   Thumb Code     0  startup_stm32f10x_md.o(.text)
    EXTI1_IRQHandler                         0x0800011b   Thumb Code     0  startup_stm32f10x_md.o(.text)
    EXTI2_IRQHandler                         0x0800011b   Thumb Code     0  startup_stm32f10x_md.o(.text)
    EXTI3_IRQHandler                         0x0800011b   Thumb Code     0  startup_stm32f10x_md.o(.text)
    EXTI4_IRQHandler                         0x0800011b   Thumb Code     0  startup_stm32f10x_md.o(.text)
    EXTI9_5_IRQHandler                       0x0800011b   Thumb Code     0  startup_stm32f10x_md.o(.text)
    FLASH_IRQHandler                         0x0800011b   Thumb Code     0  startup_stm32f10x_md.o(.text)
    I2C1_ER_IRQHandler                       0x0800011b   Thumb Code     0  startup_stm32f10x_md.o(.text)
    I2C1_EV_IRQHandler                       0x0800011b   Thumb Code     0  startup_stm32f10x_md.o(.text)
    I2C2_ER_IRQHandler                       0x0800011b   Thumb Code     0  startup_stm32f10x_md.o(.text)
    I2C2_EV_IRQHandler                       0x0800011b   Thumb Code     0  startup_stm32f10x_md.o(.text)
    PVD_IRQHandler                           0x0800011b   Thumb Code     0  startup_stm32f10x_md.o(.text)
    RCC_IRQHandler                           0x0800011b   Thumb Code     0  startup_stm32f10x_md.o(.text)
    RTCAlarm_IRQHandler                      0x0800011b   Thumb Code     0  startup_stm32f10x_md.o(.text)
    RTC_IRQHandler                           0x0800011b   Thumb Code     0  startup_stm32f10x_md.o(.text)
    SPI1_IRQHandler                          0x0800011b   Thumb Code     0  startup_stm32f10x_md.o(.text)
    SPI2_IRQHandler                          0x0800011b   Thumb Code     0  startup_stm32f10x_md.o(.text)
    TAMPER_IRQHandler                        0x0800011b   Thumb Code     0  startup_stm32f10x_md.o(.text)
    TIM1_BRK_IRQHandler                      0x0800011b   Thumb Code     0  startup_stm32f10x_md.o(.text)
    TIM1_CC_IRQHandler                       0x0800011b   Thumb Code     0  startup_stm32f10x_md.o(.text)
    TIM1_TRG_COM_IRQHandler                  0x0800011b   Thumb Code     0  startup_stm32f10x_md.o(.text)
    TIM1_UP_IRQHandler                       0x0800011b   Thumb Code     0  startup_stm32f10x_md.o(.text)
    USART1_IRQHandler                        0x0800011b   Thumb Code     0  startup_stm32f10x_md.o(.text)
    USART3_IRQHandler                        0x0800011b   Thumb Code     0  startup_stm32f10x_md.o(.text)
    USBWakeUp_IRQHandler                     0x0800011b   Thumb Code     0  startup_stm32f10x_md.o(.text)
    USB_HP_CAN1_TX_IRQHandler                0x0800011b   Thumb Code     0  startup_stm32f10x_md.o(.text)
    USB_LP_CAN1_RX0_IRQHandler               0x0800011b   Thumb Code     0  startup_stm32f10x_md.o(.text)
    WWDG_IRQHandler                          0x0800011b   Thumb Code     0  startup_stm32f10x_md.o(.text)
    SystemInit                               0x08000203   Thumb Code    78  system_stm32f10x.o(.text)
    SystemCoreClockUpdate                    0x08000251   Thumb Code   142  system_stm32f10x.o(.text)
    NVIC_PriorityGroupConfig                 0x08000305   Thumb Code    10  misc.o(.text)
    NVIC_Init                                0x0800030f   Thumb Code   100  misc.o(.text)
    NVIC_SetVectorTable                      0x08000373   Thumb Code    14  misc.o(.text)
    NVIC_SystemLPConfig                      0x08000381   Thumb Code    34  misc.o(.text)
    SysTick_CLKSourceConfig                  0x080003a3   Thumb Code    40  misc.o(.text)
    GPIO_DeInit                              0x080003e1   Thumb Code   172  stm32f10x_gpio.o(.text)
    GPIO_AFIODeInit                          0x0800048d   Thumb Code    20  stm32f10x_gpio.o(.text)
    GPIO_Init                                0x080004a1   Thumb Code   278  stm32f10x_gpio.o(.text)
    GPIO_StructInit                          0x080005b7   Thumb Code    16  stm32f10x_gpio.o(.text)
    GPIO_ReadInputDataBit                    0x080005c7   Thumb Code    18  stm32f10x_gpio.o(.text)
    GPIO_ReadInputData                       0x080005d9   Thumb Code     8  stm32f10x_gpio.o(.text)
    GPIO_ReadOutputDataBit                   0x080005e1   Thumb Code    18  stm32f10x_gpio.o(.text)
    GPIO_ReadOutputData                      0x080005f3   Thumb Code     8  stm32f10x_gpio.o(.text)
    GPIO_SetBits                             0x080005fb   Thumb Code     4  stm32f10x_gpio.o(.text)
    GPIO_ResetBits                           0x080005ff   Thumb Code     4  stm32f10x_gpio.o(.text)
    GPIO_WriteBit                            0x08000603   Thumb Code    10  stm32f10x_gpio.o(.text)
    GPIO_Write                               0x0800060d   Thumb Code     4  stm32f10x_gpio.o(.text)
    GPIO_PinLockConfig                       0x08000611   Thumb Code    18  stm32f10x_gpio.o(.text)
    GPIO_EventOutputConfig                   0x08000623   Thumb Code    26  stm32f10x_gpio.o(.text)
    GPIO_EventOutputCmd                      0x0800063d   Thumb Code     6  stm32f10x_gpio.o(.text)
    GPIO_PinRemapConfig                      0x08000643   Thumb Code   138  stm32f10x_gpio.o(.text)
    GPIO_EXTILineConfig                      0x080006cd   Thumb Code    66  stm32f10x_gpio.o(.text)
    GPIO_ETH_MediaInterfaceConfig            0x0800070f   Thumb Code     8  stm32f10x_gpio.o(.text)
    I2C_DeInit                               0x0800073d   Thumb Code    50  stm32f10x_i2c.o(.text)
    I2C_Init                                 0x0800076f   Thumb Code   222  stm32f10x_i2c.o(.text)
    I2C_StructInit                           0x0800084d   Thumb Code    30  stm32f10x_i2c.o(.text)
    I2C_Cmd                                  0x0800086b   Thumb Code    24  stm32f10x_i2c.o(.text)
    I2C_DMACmd                               0x08000883   Thumb Code    24  stm32f10x_i2c.o(.text)
    I2C_DMALastTransferCmd                   0x0800089b   Thumb Code    24  stm32f10x_i2c.o(.text)
    I2C_GenerateSTART                        0x080008b3   Thumb Code    24  stm32f10x_i2c.o(.text)
    I2C_GenerateSTOP                         0x080008cb   Thumb Code    24  stm32f10x_i2c.o(.text)
    I2C_AcknowledgeConfig                    0x080008e3   Thumb Code    24  stm32f10x_i2c.o(.text)
    I2C_OwnAddress2Config                    0x080008fb   Thumb Code    22  stm32f10x_i2c.o(.text)
    I2C_DualAddressCmd                       0x08000911   Thumb Code    24  stm32f10x_i2c.o(.text)
    I2C_GeneralCallCmd                       0x08000929   Thumb Code    24  stm32f10x_i2c.o(.text)
    I2C_ITConfig                             0x08000941   Thumb Code    18  stm32f10x_i2c.o(.text)
    I2C_SendData                             0x08000953   Thumb Code     4  stm32f10x_i2c.o(.text)
    I2C_ReceiveData                          0x08000957   Thumb Code     8  stm32f10x_i2c.o(.text)
    I2C_Send7bitAddress                      0x0800095f   Thumb Code    18  stm32f10x_i2c.o(.text)
    I2C_ReadRegister                         0x08000971   Thumb Code    22  stm32f10x_i2c.o(.text)
    I2C_SoftwareResetCmd                     0x08000987   Thumb Code    22  stm32f10x_i2c.o(.text)
    I2C_NACKPositionConfig                   0x0800099d   Thumb Code    28  stm32f10x_i2c.o(.text)
    I2C_SMBusAlertConfig                     0x080009b9   Thumb Code    28  stm32f10x_i2c.o(.text)
    I2C_TransmitPEC                          0x080009d5   Thumb Code    24  stm32f10x_i2c.o(.text)
    I2C_PECPositionConfig                    0x080009ed   Thumb Code    28  stm32f10x_i2c.o(.text)
    I2C_CalculatePEC                         0x08000a09   Thumb Code    24  stm32f10x_i2c.o(.text)
    I2C_GetPEC                               0x08000a21   Thumb Code     8  stm32f10x_i2c.o(.text)
    I2C_ARPCmd                               0x08000a29   Thumb Code    24  stm32f10x_i2c.o(.text)
    I2C_StretchClockCmd                      0x08000a41   Thumb Code    24  stm32f10x_i2c.o(.text)
    I2C_FastModeDutyCycleConfig              0x08000a59   Thumb Code    28  stm32f10x_i2c.o(.text)
    I2C_CheckEvent                           0x08000a75   Thumb Code    42  stm32f10x_i2c.o(.text)
    I2C_GetLastEvent                         0x08000a9f   Thumb Code    26  stm32f10x_i2c.o(.text)
    I2C_GetFlagStatus                        0x08000ab9   Thumb Code    58  stm32f10x_i2c.o(.text)
    I2C_ClearFlag                            0x08000af3   Thumb Code    12  stm32f10x_i2c.o(.text)
    I2C_GetITStatus                          0x08000aff   Thumb Code    54  stm32f10x_i2c.o(.text)
    I2C_ClearITPendingBit                    0x08000b35   Thumb Code    12  stm32f10x_i2c.o(.text)
    RCC_DeInit                               0x08000b41   Thumb Code    64  stm32f10x_rcc.o(.text)
    RCC_HSEConfig                            0x08000b81   Thumb Code    70  stm32f10x_rcc.o(.text)
    RCC_GetFlagStatus                        0x08000bc7   Thumb Code    56  stm32f10x_rcc.o(.text)
    RCC_WaitForHSEStartUp                    0x08000bff   Thumb Code    56  stm32f10x_rcc.o(.text)
    RCC_AdjustHSICalibrationValue            0x08000c37   Thumb Code    20  stm32f10x_rcc.o(.text)
    RCC_HSICmd                               0x08000c4b   Thumb Code     6  stm32f10x_rcc.o(.text)
    RCC_PLLConfig                            0x08000c51   Thumb Code    24  stm32f10x_rcc.o(.text)
    RCC_PLLCmd                               0x08000c69   Thumb Code     6  stm32f10x_rcc.o(.text)
    RCC_SYSCLKConfig                         0x08000c6f   Thumb Code    18  stm32f10x_rcc.o(.text)
    RCC_GetSYSCLKSource                      0x08000c81   Thumb Code    10  stm32f10x_rcc.o(.text)
    RCC_HCLKConfig                           0x08000c8b   Thumb Code    18  stm32f10x_rcc.o(.text)
    RCC_PCLK1Config                          0x08000c9d   Thumb Code    18  stm32f10x_rcc.o(.text)
    RCC_PCLK2Config                          0x08000caf   Thumb Code    20  stm32f10x_rcc.o(.text)
    RCC_ITConfig                             0x08000cc3   Thumb Code    26  stm32f10x_rcc.o(.text)
    RCC_USBCLKConfig                         0x08000cdd   Thumb Code     8  stm32f10x_rcc.o(.text)
    RCC_ADCCLKConfig                         0x08000ce5   Thumb Code    18  stm32f10x_rcc.o(.text)
    RCC_LSEConfig                            0x08000cf7   Thumb Code    50  stm32f10x_rcc.o(.text)
    RCC_LSICmd                               0x08000d29   Thumb Code     6  stm32f10x_rcc.o(.text)
    RCC_RTCCLKConfig                         0x08000d2f   Thumb Code    12  stm32f10x_rcc.o(.text)
    RCC_RTCCLKCmd                            0x08000d3b   Thumb Code     8  stm32f10x_rcc.o(.text)
    RCC_GetClocksFreq                        0x08000d43   Thumb Code   192  stm32f10x_rcc.o(.text)
    RCC_AHBPeriphClockCmd                    0x08000e03   Thumb Code    26  stm32f10x_rcc.o(.text)
    RCC_APB2PeriphClockCmd                   0x08000e1d   Thumb Code    26  stm32f10x_rcc.o(.text)
    RCC_APB1PeriphClockCmd                   0x08000e37   Thumb Code    26  stm32f10x_rcc.o(.text)
    RCC_APB2PeriphResetCmd                   0x08000e51   Thumb Code    26  stm32f10x_rcc.o(.text)
    RCC_APB1PeriphResetCmd                   0x08000e6b   Thumb Code    26  stm32f10x_rcc.o(.text)
    RCC_BackupResetCmd                       0x08000e85   Thumb Code     8  stm32f10x_rcc.o(.text)
    RCC_ClockSecuritySystemCmd               0x08000e8d   Thumb Code     6  stm32f10x_rcc.o(.text)
    RCC_MCOConfig                            0x08000e93   Thumb Code     6  stm32f10x_rcc.o(.text)
    RCC_ClearFlag                            0x08000e99   Thumb Code    14  stm32f10x_rcc.o(.text)
    RCC_GetITStatus                          0x08000ea7   Thumb Code    20  stm32f10x_rcc.o(.text)
    RCC_ClearITPendingBit                    0x08000ebb   Thumb Code     6  stm32f10x_rcc.o(.text)
    TIM_DeInit                               0x08000ee5   Thumb Code   424  stm32f10x_tim.o(.text)
    TIM_TimeBaseInit                         0x0800108d   Thumb Code   122  stm32f10x_tim.o(.text)
    TIM_OC1Init                              0x08001107   Thumb Code   132  stm32f10x_tim.o(.text)
    TIM_OC2Init                              0x0800118b   Thumb Code   154  stm32f10x_tim.o(.text)
    TIM_OC3Init                              0x08001225   Thumb Code   150  stm32f10x_tim.o(.text)
    TIM_OC4Init                              0x080012bb   Thumb Code   182  stm32f10x_tim.o(.text)
    TIM_SetIC4Prescaler                      0x08001371   Thumb Code    26  stm32f10x_tim.o(.text)
    TIM_SetIC3Prescaler                      0x0800140d   Thumb Code    18  stm32f10x_tim.o(.text)
    TIM_SetIC2Prescaler                      0x08001499   Thumb Code    26  stm32f10x_tim.o(.text)
    TIM_SetIC1Prescaler                      0x08001535   Thumb Code    18  stm32f10x_tim.o(.text)
    TIM_ICInit                               0x080015b3   Thumb Code   150  stm32f10x_tim.o(.text)
    TIM_PWMIConfig                           0x08001649   Thumb Code   124  stm32f10x_tim.o(.text)
    TIM_BDTRConfig                           0x080016c5   Thumb Code    32  stm32f10x_tim.o(.text)
    TIM_TimeBaseStructInit                   0x080016e5   Thumb Code    18  stm32f10x_tim.o(.text)
    TIM_OCStructInit                         0x080016f7   Thumb Code    20  stm32f10x_tim.o(.text)
    TIM_ICStructInit                         0x0800170b   Thumb Code    18  stm32f10x_tim.o(.text)
    TIM_BDTRStructInit                       0x0800171d   Thumb Code    40  stm32f10x_tim.o(.text)
    TIM_Cmd                                  0x08001745   Thumb Code    24  stm32f10x_tim.o(.text)
    TIM_CtrlPWMOutputs                       0x0800175d   Thumb Code    30  stm32f10x_tim.o(.text)
    TIM_ITConfig                             0x0800177b   Thumb Code    18  stm32f10x_tim.o(.text)
    TIM_GenerateEvent                        0x0800178d   Thumb Code     4  stm32f10x_tim.o(.text)
    TIM_DMAConfig                            0x08001791   Thumb Code    10  stm32f10x_tim.o(.text)
    TIM_DMACmd                               0x0800179b   Thumb Code    18  stm32f10x_tim.o(.text)
    TIM_InternalClockConfig                  0x080017ad   Thumb Code    12  stm32f10x_tim.o(.text)
    TIM_SelectInputTrigger                   0x080017b9   Thumb Code    18  stm32f10x_tim.o(.text)
    TIM_ITRxExternalClockConfig              0x080017cb   Thumb Code    24  stm32f10x_tim.o(.text)
    TIM_TIxExternalClockConfig               0x080017e3   Thumb Code    62  stm32f10x_tim.o(.text)
    TIM_ETRConfig                            0x08001821   Thumb Code    28  stm32f10x_tim.o(.text)
    TIM_ETRClockMode1Config                  0x0800183d   Thumb Code    54  stm32f10x_tim.o(.text)
    TIM_ETRClockMode2Config                  0x08001873   Thumb Code    32  stm32f10x_tim.o(.text)
    TIM_PrescalerConfig                      0x08001893   Thumb Code     6  stm32f10x_tim.o(.text)
    TIM_CounterModeConfig                    0x08001899   Thumb Code    18  stm32f10x_tim.o(.text)
    TIM_EncoderInterfaceConfig               0x080018ab   Thumb Code    66  stm32f10x_tim.o(.text)
    TIM_ForcedOC1Config                      0x080018ed   Thumb Code    18  stm32f10x_tim.o(.text)
    TIM_ForcedOC2Config                      0x080018ff   Thumb Code    26  stm32f10x_tim.o(.text)
    TIM_ForcedOC3Config                      0x08001919   Thumb Code    18  stm32f10x_tim.o(.text)
    TIM_ForcedOC4Config                      0x0800192b   Thumb Code    26  stm32f10x_tim.o(.text)
    TIM_ARRPreloadConfig                     0x08001945   Thumb Code    24  stm32f10x_tim.o(.text)
    TIM_SelectCOM                            0x0800195d   Thumb Code    24  stm32f10x_tim.o(.text)
    TIM_SelectCCDMA                          0x08001975   Thumb Code    24  stm32f10x_tim.o(.text)
    TIM_CCPreloadControl                     0x0800198d   Thumb Code    24  stm32f10x_tim.o(.text)
    TIM_OC1PreloadConfig                     0x080019a5   Thumb Code    18  stm32f10x_tim.o(.text)
    TIM_OC2PreloadConfig                     0x080019b7   Thumb Code    26  stm32f10x_tim.o(.text)
    TIM_OC3PreloadConfig                     0x080019d1   Thumb Code    18  stm32f10x_tim.o(.text)
    TIM_OC4PreloadConfig                     0x080019e3   Thumb Code    26  stm32f10x_tim.o(.text)
    TIM_OC1FastConfig                        0x080019fd   Thumb Code    18  stm32f10x_tim.o(.text)
    TIM_OC2FastConfig                        0x08001a0f   Thumb Code    26  stm32f10x_tim.o(.text)
    TIM_OC3FastConfig                        0x08001a29   Thumb Code    18  stm32f10x_tim.o(.text)
    TIM_OC4FastConfig                        0x08001a3b   Thumb Code    26  stm32f10x_tim.o(.text)
    TIM_ClearOC1Ref                          0x08001a55   Thumb Code    18  stm32f10x_tim.o(.text)
    TIM_ClearOC2Ref                          0x08001a67   Thumb Code    24  stm32f10x_tim.o(.text)
    TIM_ClearOC3Ref                          0x08001a7f   Thumb Code    18  stm32f10x_tim.o(.text)
    TIM_ClearOC4Ref                          0x08001a91   Thumb Code    24  stm32f10x_tim.o(.text)
    TIM_OC1PolarityConfig                    0x08001aa9   Thumb Code    18  stm32f10x_tim.o(.text)
    TIM_OC1NPolarityConfig                   0x08001abb   Thumb Code    18  stm32f10x_tim.o(.text)
    TIM_OC2PolarityConfig                    0x08001acd   Thumb Code    26  stm32f10x_tim.o(.text)
    TIM_OC2NPolarityConfig                   0x08001ae7   Thumb Code    26  stm32f10x_tim.o(.text)
    TIM_OC3PolarityConfig                    0x08001b01   Thumb Code    26  stm32f10x_tim.o(.text)
    TIM_OC3NPolarityConfig                   0x08001b1b   Thumb Code    26  stm32f10x_tim.o(.text)
    TIM_OC4PolarityConfig                    0x08001b35   Thumb Code    26  stm32f10x_tim.o(.text)
    TIM_CCxCmd                               0x08001b4f   Thumb Code    30  stm32f10x_tim.o(.text)
    TIM_CCxNCmd                              0x08001b6d   Thumb Code    30  stm32f10x_tim.o(.text)
    TIM_SelectOCxM                           0x08001b8b   Thumb Code    82  stm32f10x_tim.o(.text)
    TIM_UpdateDisableConfig                  0x08001bdd   Thumb Code    24  stm32f10x_tim.o(.text)
    TIM_UpdateRequestConfig                  0x08001bf5   Thumb Code    24  stm32f10x_tim.o(.text)
    TIM_SelectHallSensor                     0x08001c0d   Thumb Code    24  stm32f10x_tim.o(.text)
    TIM_SelectOnePulseMode                   0x08001c25   Thumb Code    18  stm32f10x_tim.o(.text)
    TIM_SelectOutputTrigger                  0x08001c37   Thumb Code    18  stm32f10x_tim.o(.text)
    TIM_SelectSlaveMode                      0x08001c49   Thumb Code    18  stm32f10x_tim.o(.text)
    TIM_SelectMasterSlaveMode                0x08001c5b   Thumb Code    18  stm32f10x_tim.o(.text)
    TIM_SetCounter                           0x08001c6d   Thumb Code     4  stm32f10x_tim.o(.text)
    TIM_SetAutoreload                        0x08001c71   Thumb Code     4  stm32f10x_tim.o(.text)
    TIM_SetCompare1                          0x08001c75   Thumb Code     4  stm32f10x_tim.o(.text)
    TIM_SetCompare2                          0x08001c79   Thumb Code     4  stm32f10x_tim.o(.text)
    TIM_SetCompare3                          0x08001c7d   Thumb Code     4  stm32f10x_tim.o(.text)
    TIM_SetCompare4                          0x08001c81   Thumb Code     6  stm32f10x_tim.o(.text)
    TIM_SetClockDivision                     0x08001c87   Thumb Code    18  stm32f10x_tim.o(.text)
    TIM_GetCapture1                          0x08001c99   Thumb Code     6  stm32f10x_tim.o(.text)
    TIM_GetCapture2                          0x08001c9f   Thumb Code     6  stm32f10x_tim.o(.text)
    TIM_GetCapture3                          0x08001ca5   Thumb Code     6  stm32f10x_tim.o(.text)
    TIM_GetCapture4                          0x08001cab   Thumb Code     8  stm32f10x_tim.o(.text)
    TIM_GetCounter                           0x08001cb3   Thumb Code     6  stm32f10x_tim.o(.text)
    TIM_GetPrescaler                         0x08001cb9   Thumb Code     6  stm32f10x_tim.o(.text)
    TIM_GetFlagStatus                        0x08001cbf   Thumb Code    18  stm32f10x_tim.o(.text)
    TIM_ClearFlag                            0x08001cd1   Thumb Code     6  stm32f10x_tim.o(.text)
    TIM_GetITStatus                          0x08001cd7   Thumb Code    34  stm32f10x_tim.o(.text)
    TIM_ClearITPendingBit                    0x08001cf9   Thumb Code     6  stm32f10x_tim.o(.text)
    USART_DeInit                             0x08001d01   Thumb Code   134  stm32f10x_usart.o(.text)
    USART_Init                               0x08001d87   Thumb Code   210  stm32f10x_usart.o(.text)
    USART_StructInit                         0x08001e59   Thumb Code    24  stm32f10x_usart.o(.text)
    USART_ClockInit                          0x08001e71   Thumb Code    34  stm32f10x_usart.o(.text)
    USART_ClockStructInit                    0x08001e93   Thumb Code    12  stm32f10x_usart.o(.text)
    USART_Cmd                                0x08001e9f   Thumb Code    24  stm32f10x_usart.o(.text)
    USART_ITConfig                           0x08001eb7   Thumb Code    74  stm32f10x_usart.o(.text)
    USART_DMACmd                             0x08001f01   Thumb Code    18  stm32f10x_usart.o(.text)
    USART_SetAddress                         0x08001f13   Thumb Code    18  stm32f10x_usart.o(.text)
    USART_WakeUpConfig                       0x08001f25   Thumb Code    18  stm32f10x_usart.o(.text)
    USART_ReceiverWakeUpCmd                  0x08001f37   Thumb Code    24  stm32f10x_usart.o(.text)
    USART_LINBreakDetectLengthConfig         0x08001f4f   Thumb Code    18  stm32f10x_usart.o(.text)
    USART_LINCmd                             0x08001f61   Thumb Code    24  stm32f10x_usart.o(.text)
    USART_SendData                           0x08001f79   Thumb Code     8  stm32f10x_usart.o(.text)
    USART_ReceiveData                        0x08001f81   Thumb Code    10  stm32f10x_usart.o(.text)
    USART_SendBreak                          0x08001f8b   Thumb Code    10  stm32f10x_usart.o(.text)
    USART_SetGuardTime                       0x08001f95   Thumb Code    16  stm32f10x_usart.o(.text)
    USART_SetPrescaler                       0x08001fa5   Thumb Code    16  stm32f10x_usart.o(.text)
    USART_SmartCardCmd                       0x08001fb5   Thumb Code    24  stm32f10x_usart.o(.text)
    USART_SmartCardNACKCmd                   0x08001fcd   Thumb Code    24  stm32f10x_usart.o(.text)
    USART_HalfDuplexCmd                      0x08001fe5   Thumb Code    24  stm32f10x_usart.o(.text)
    USART_OverSampling8Cmd                   0x08001ffd   Thumb Code    22  stm32f10x_usart.o(.text)
    USART_OneBitMethodCmd                    0x08002013   Thumb Code    24  stm32f10x_usart.o(.text)
    USART_IrDAConfig                         0x0800202b   Thumb Code    18  stm32f10x_usart.o(.text)
    USART_IrDACmd                            0x0800203d   Thumb Code    24  stm32f10x_usart.o(.text)
    USART_GetFlagStatus                      0x08002055   Thumb Code    26  stm32f10x_usart.o(.text)
    USART_ClearFlag                          0x0800206f   Thumb Code    18  stm32f10x_usart.o(.text)
    USART_GetITStatus                        0x08002081   Thumb Code    84  stm32f10x_usart.o(.text)
    USART_ClearITPendingBit                  0x080020d5   Thumb Code    52  stm32f10x_usart.o(.text)
    main                                     0x08002109   Thumb Code   468  main.o(.text)
    NMI_Handler                              0x08002339   Thumb Code     2  stm32f10x_it.o(.text)
    HardFault_Handler                        0x0800233b   Thumb Code     4  stm32f10x_it.o(.text)
    MemManage_Handler                        0x0800233f   Thumb Code     4  stm32f10x_it.o(.text)
    BusFault_Handler                         0x08002343   Thumb Code     4  stm32f10x_it.o(.text)
    UsageFault_Handler                       0x08002347   Thumb Code     4  stm32f10x_it.o(.text)
    SVC_Handler                              0x0800234b   Thumb Code     2  stm32f10x_it.o(.text)
    DebugMon_Handler                         0x0800234d   Thumb Code     2  stm32f10x_it.o(.text)
    PendSV_Handler                           0x0800234f   Thumb Code     2  stm32f10x_it.o(.text)
    SysTick_Handler                          0x08002351   Thumb Code     2  stm32f10x_it.o(.text)
    RES_Read                                 0x08002353   Thumb Code   182  stm32f10x_it.o(.text)
    USART2_IRQHandler                        0x08002409   Thumb Code    52  stm32f10x_it.o(.text)
    USART_Config                             0x08002487   Thumb Code   132  bsp_usart.o(.text)
    Usart_SendByte                           0x0800250b   Thumb Code    30  bsp_usart.o(.text)
    Usart_SendArray                          0x08002529   Thumb Code    48  bsp_usart.o(.text)
    Usart_SendString                         0x08002559   Thumb Code    42  bsp_usart.o(.text)
    Usart_SendHalfWord                       0x08002583   Thumb Code    60  bsp_usart.o(.text)
    fputc                                    0x080025bf   Thumb Code    32  bsp_usart.o(.text)
    fgetc                                    0x080025df   Thumb Code    26  bsp_usart.o(.text)
    LED_GPIO_Config                          0x08002601   Thumb Code    50  bsp_led.o(.text)
    Motor_Init                               0x08002779   Thumb Code    12  bsp_motor.o(.text)
    Motor1_forward                           0x08002785   Thumb Code    22  bsp_motor.o(.text)
    Motor1_backward                          0x0800279b   Thumb Code    22  bsp_motor.o(.text)
    Motor1_Stop                              0x080027b1   Thumb Code    20  bsp_motor.o(.text)
    Motor2_forward                           0x080027c5   Thumb Code    22  bsp_motor.o(.text)
    Motor2_backward                          0x080027db   Thumb Code    22  bsp_motor.o(.text)
    Motor2_Stop                              0x080027f1   Thumb Code    20  bsp_motor.o(.text)
    Car_forward                              0x08002805   Thumb Code    20  bsp_motor.o(.text)
    Car_backward                             0x08002819   Thumb Code    18  bsp_motor.o(.text)
    Car_Stop                                 0x0800282b   Thumb Code    12  bsp_motor.o(.text)
    Car_Turn_Left                            0x08002837   Thumb Code    24  bsp_motor.o(.text)
    Car_Turn_Right                           0x0800284f   Thumb Code    24  bsp_motor.o(.text)
    Encoder_TIM2_Init                        0x08002871   Thumb Code   146  encoder.o(.text)
    Encoder_TIM4_Init                        0x08002903   Thumb Code   148  encoder.o(.text)
    Read_Speed                               0x08002997   Thumb Code   204  encoder.o(.text)
    TIM2_IRQHandler                          0x08002a63   Thumb Code    22  encoder.o(.text)
    TIM4_IRQHandler                          0x08002a79   Thumb Code    22  encoder.o(.text)
    delay_Init                               0x08002aad   Thumb Code    48  bsp_systick.o(.text)
    delay_us                                 0x08002add   Thumb Code    66  bsp_systick.o(.text)
    delay_ms                                 0x08002b1f   Thumb Code    64  bsp_systick.o(.text)
    Pos_PID_CAL_OUT                          0x08002b75   Thumb Code   160  pid.o(.text)
    PID_Init                                 0x08002c15   Thumb Code    22  pid.o(.text)
    PID_Set_Kpid                             0x08002c2b   Thumb Code     8  pid.o(.text)
    PID_Set_limit                            0x08002c33   Thumb Code     6  pid.o(.text)
    PID_Clear                                0x08002c39   Thumb Code    12  pid.o(.text)
    I2C_Configuration                        0x08002c45   Thumb Code   112  oled_i2c.o(.text)
    I2C_WriteByte                            0x08002cb5   Thumb Code   126  oled_i2c.o(.text)
    WriteCmd                                 0x08002d33   Thumb Code    14  oled_i2c.o(.text)
    WriteDat                                 0x08002d41   Thumb Code    14  oled_i2c.o(.text)
    OLED_Fill                                0x08002d4f   Thumb Code    58  oled_i2c.o(.text)
    OLED_Init                                0x08002d89   Thumb Code   184  oled_i2c.o(.text)
    OLED_SetPos                              0x08002e41   Thumb Code    40  oled_i2c.o(.text)
    OLED_CLS                                 0x08002e69   Thumb Code    10  oled_i2c.o(.text)
    OLED_ON                                  0x08002e73   Thumb Code    22  oled_i2c.o(.text)
    OLED_OFF                                 0x08002e89   Thumb Code    22  oled_i2c.o(.text)
    OLED_ShowStr                             0x08002e9f   Thumb Code   228  oled_i2c.o(.text)
    mypow                                    0x08002f83   Thumb Code    22  oled_i2c.o(.text)
    OLED_ShowNum                             0x08002f99   Thumb Code   244  oled_i2c.o(.text)
    OLED_ShowCN                              0x0800308d   Thumb Code    80  oled_i2c.o(.text)
    OLED_DrawBMP                             0x080030dd   Thumb Code   116  oled_i2c.o(.text)
    HCSR04_Init                              0x08003155   Thumb Code   188  bsp_hc_sr04.o(.text)
    TIM3_IRQHandler                          0x08003211   Thumb Code    32  bsp_hc_sr04.o(.text)
    GetEchoTimer                             0x08003257   Thumb Code    46  bsp_hc_sr04.o(.text)
    HCSR04GetLength                          0x08003285   Thumb Code   184  bsp_hc_sr04.o(.text)
    Trail_Input_Init_JX                      0x08003355   Thumb Code    34  bsp_trail.o(.text)
    Trail_black_line                         0x08003377   Thumb Code    16  bsp_trail.o(.text)
    __aeabi_fadd                             0x0800338d   Thumb Code   164  fadd.o(.text)
    __aeabi_fsub                             0x08003431   Thumb Code     6  fadd.o(.text)
    __aeabi_frsub                            0x08003437   Thumb Code     6  fadd.o(.text)
    __aeabi_fmul                             0x0800343d   Thumb Code   100  fmul.o(.text)
    __aeabi_fdiv                             0x080034a1   Thumb Code   124  fdiv.o(.text)
    __aeabi_dmul                             0x0800351d   Thumb Code   228  dmul.o(.text)
    __aeabi_ddiv                             0x08003601   Thumb Code   222  ddiv.o(.text)
    __aeabi_ui2f                             0x080036df   Thumb Code    10  ffltui.o(.text)
    __aeabi_f2uiz                            0x080036e9   Thumb Code    40  ffixui.o(.text)
    __aeabi_f2d                              0x08003711   Thumb Code    38  f2d.o(.text)
    __aeabi_d2f                              0x08003737   Thumb Code    56  d2f.o(.text)
    __aeabi_cfcmpeq                          0x08003771   Thumb Code     0  cfcmple.o(.text)
    __aeabi_cfcmple                          0x08003771   Thumb Code    20  cfcmple.o(.text)
    __aeabi_cfrcmple                         0x08003785   Thumb Code    20  cfrcmple.o(.text)
    __aeabi_uidiv                            0x08003799   Thumb Code     0  uidiv.o(.text)
    __aeabi_uidivmod                         0x08003799   Thumb Code    44  uidiv.o(.text)
    __aeabi_uldivmod                         0x080037c5   Thumb Code    98  uldiv.o(.text)
    __I$use$fp                               0x08003827   Thumb Code     0  iusefp.o(.text)
    _float_round                             0x08003827   Thumb Code    18  fepilogue.o(.text)
    _float_epilogue                          0x08003839   Thumb Code    92  fepilogue.o(.text)
    _double_round                            0x08003895   Thumb Code    30  depilogue.o(.text)
    _double_epilogue                         0x080038b3   Thumb Code   156  depilogue.o(.text)
    __aeabi_dadd                             0x0800394f   Thumb Code   322  dadd.o(.text)
    __aeabi_dsub                             0x08003a91   Thumb Code     6  dadd.o(.text)
    __aeabi_drsub                            0x08003a97   Thumb Code     6  dadd.o(.text)
    __aeabi_d2ulz                            0x08003a9d   Thumb Code    48  dfixul.o(.text)
    __aeabi_cdrcmple                         0x08003acd   Thumb Code    48  cdrcmple.o(.text)
    __scatterload                            0x08003afd   Thumb Code    28  init.o(.text)
    __scatterload_rt2                        0x08003afd   Thumb Code     0  init.o(.text)
    __aeabi_llsl                             0x08003b21   Thumb Code    30  llshl.o(.text)
    _ll_shift_l                              0x08003b21   Thumb Code     0  llshl.o(.text)
    __aeabi_llsr                             0x08003b3f   Thumb Code    32  llushr.o(.text)
    _ll_ushift_r                             0x08003b3f   Thumb Code     0  llushr.o(.text)
    __aeabi_lasr                             0x08003b5f   Thumb Code    36  llsshr.o(.text)
    _ll_sshift_r                             0x08003b5f   Thumb Code     0  llsshr.o(.text)
    __decompress                             0x08003b83   Thumb Code     0  __dczerorl2.o(.text)
    __decompress1                            0x08003b83   Thumb Code    86  __dczerorl2.o(.text)
    __0sprintf                               0x08003bd9   Thumb Code    34  printfa.o(i.__0sprintf)
    __1sprintf                               0x08003bd9   Thumb Code     0  printfa.o(i.__0sprintf)
    __2sprintf                               0x08003bd9   Thumb Code     0  printfa.o(i.__0sprintf)
    __c89sprintf                             0x08003bd9   Thumb Code     0  printfa.o(i.__0sprintf)
    sprintf                                  0x08003bd9   Thumb Code     0  printfa.o(i.__0sprintf)
    __scatterload_copy                       0x08003c01   Thumb Code    14  handlers.o(i.__scatterload_copy)
    __scatterload_null                       0x08003c0f   Thumb Code     2  handlers.o(i.__scatterload_null)
    __scatterload_zeroinit                   0x08003c11   Thumb Code    14  handlers.o(i.__scatterload_zeroinit)
    F6x8                                     0x080044bc   Data         552  oled_i2c.o(.constdata)
    F8X16                                    0x080046e4   Data        1520  oled_i2c.o(.constdata)
    Region$$Table$$Base                      0x08004cd4   Number         0  anon$$obj.o(Region$$Table)
    Region$$Table$$Limit                     0x08004cf4   Number         0  anon$$obj.o(Region$$Table)
    SystemCoreClock                          0x20000000   Data           4  system_stm32f10x.o(.data)
    AHBPrescTable                            0x20000004   Data          16  system_stm32f10x.o(.data)
    Speed_L                                  0x20000028   Data           4  main.o(.data)
    Speed_R                                  0x2000002c   Data           4  main.o(.data)
    distance                                 0x20000030   Data           4  main.o(.data)
    Trail_Times                              0x20000034   Data           1  main.o(.data)
    USART_STATE                              0x20000035   Data           1  stm32f10x_it.o(.data)
    Speed_Exp                                0x20000036   Data           1  stm32f10x_it.o(.data)
    state                                    0x20000037   Data           1  stm32f10x_it.o(.data)
    D_us                                     0x2000003a   Data           1  bsp_systick.o(.data)
    D_ms                                     0x2000003c   Data           2  bsp_systick.o(.data)
    F16x16                                   0x2000003e   Data         160  oled_i2c.o(.data)
    BMP1                                     0x200000de   Data        1024  oled_i2c.o(.data)
    msHcCount                                0x200004de   Data           2  bsp_hc_sr04.o(.data)
    MotorL_Pid                               0x200004e0   Data          48  main.o(.bss)
    MotorR_Pid                               0x20000510   Data          48  main.o(.bss)
    __initial_sp                             0x20000940   Data           0  startup_stm32f10x_md.o(STACK)



==============================================================================

Memory Map of the image

  Image Entry point : 0x080000ed

  Load Region LR_IROM1 (Base: 0x08000000, Size: 0x000051d4, Max: 0x00010000, ABSOLUTE, COMPRESSED[0x00004ea4])

    Execution Region ER_IROM1 (Base: 0x08000000, Size: 0x00004cf4, Max: 0x00010000, ABSOLUTE)

    Base Addr    Size         Type   Attr      Idx    E Section Name        Object

    0x08000000   0x000000ec   Data   RO            3    RESET               startup_stm32f10x_md.o
    0x080000ec   0x00000000   Code   RO          609  * .ARM.Collect$$$$00000000  mc_w.l(entry.o)
    0x080000ec   0x00000004   Code   RO          899    .ARM.Collect$$$$00000001  mc_w.l(entry2.o)
    0x080000f0   0x00000004   Code   RO          902    .ARM.Collect$$$$00000004  mc_w.l(entry5.o)
    0x080000f4   0x00000000   Code   RO          904    .ARM.Collect$$$$00000008  mc_w.l(entry7b.o)
    0x080000f4   0x00000000   Code   RO          906    .ARM.Collect$$$$0000000A  mc_w.l(entry8b.o)
    0x080000f4   0x00000008   Code   RO          907    .ARM.Collect$$$$0000000B  mc_w.l(entry9a.o)
    0x080000fc   0x00000000   Code   RO          909    .ARM.Collect$$$$0000000D  mc_w.l(entry10a.o)
    0x080000fc   0x00000000   Code   RO          911    .ARM.Collect$$$$0000000F  mc_w.l(entry11a.o)
    0x080000fc   0x00000004   Code   RO          900    .ARM.Collect$$$$00002712  mc_w.l(entry2.o)
    0x08000100   0x00000024   Code   RO            4    .text               startup_stm32f10x_md.o
    0x08000124   0x000001e0   Code   RO           24    .text               system_stm32f10x.o
    0x08000304   0x000000dc   Code   RO           64    .text               misc.o
    0x080003e0   0x0000035c   Code   RO          245    .text               stm32f10x_gpio.o
    0x0800073c   0x00000404   Code   RO          257    .text               stm32f10x_i2c.o
    0x08000b40   0x000003a4   Code   RO          302    .text               stm32f10x_rcc.o
    0x08000ee4   0x00000e1a   Code   RO          361    .text               stm32f10x_tim.o
    0x08001cfe   0x00000002   PAD
    0x08001d00   0x00000408   Code   RO          376    .text               stm32f10x_usart.o
    0x08002108   0x00000230   Code   RO          403    .text               main.o
    0x08002338   0x00000128   Code   RO          451    .text               stm32f10x_it.o
    0x08002460   0x000001a0   Code   RO          470    .text               bsp_usart.o
    0x08002600   0x00000038   Code   RO          482    .text               bsp_led.o
    0x08002638   0x00000238   Code   RO          494    .text               bsp_motor.o
    0x08002870   0x0000023c   Code   RO          506    .text               encoder.o
    0x08002aac   0x000000c8   Code   RO          518    .text               bsp_systick.o
    0x08002b74   0x000000d0   Code   RO          533    .text               pid.o
    0x08002c44   0x00000510   Code   RO          545    .text               oled_i2c.o
    0x08003154   0x00000200   Code   RO          564    .text               bsp_hc_sr04.o
    0x08003354   0x00000038   Code   RO          594    .text               bsp_trail.o
    0x0800338c   0x000000b0   Code   RO          873    .text               mf_w.l(fadd.o)
    0x0800343c   0x00000064   Code   RO          875    .text               mf_w.l(fmul.o)
    0x080034a0   0x0000007c   Code   RO          877    .text               mf_w.l(fdiv.o)
    0x0800351c   0x000000e4   Code   RO          879    .text               mf_w.l(dmul.o)
    0x08003600   0x000000de   Code   RO          881    .text               mf_w.l(ddiv.o)
    0x080036de   0x0000000a   Code   RO          885    .text               mf_w.l(ffltui.o)
    0x080036e8   0x00000028   Code   RO          889    .text               mf_w.l(ffixui.o)
    0x08003710   0x00000026   Code   RO          891    .text               mf_w.l(f2d.o)
    0x08003736   0x00000038   Code   RO          893    .text               mf_w.l(d2f.o)
    0x0800376e   0x00000002   PAD
    0x08003770   0x00000014   Code   RO          895    .text               mf_w.l(cfcmple.o)
    0x08003784   0x00000014   Code   RO          897    .text               mf_w.l(cfrcmple.o)
    0x08003798   0x0000002c   Code   RO          914    .text               mc_w.l(uidiv.o)
    0x080037c4   0x00000062   Code   RO          916    .text               mc_w.l(uldiv.o)
    0x08003826   0x00000000   Code   RO          918    .text               mc_w.l(iusefp.o)
    0x08003826   0x0000006e   Code   RO          919    .text               mf_w.l(fepilogue.o)
    0x08003894   0x000000ba   Code   RO          921    .text               mf_w.l(depilogue.o)
    0x0800394e   0x0000014e   Code   RO          923    .text               mf_w.l(dadd.o)
    0x08003a9c   0x00000030   Code   RO          925    .text               mf_w.l(dfixul.o)
    0x08003acc   0x00000030   Code   RO          927    .text               mf_w.l(cdrcmple.o)
    0x08003afc   0x00000024   Code   RO          929    .text               mc_w.l(init.o)
    0x08003b20   0x0000001e   Code   RO          931    .text               mc_w.l(llshl.o)
    0x08003b3e   0x00000020   Code   RO          933    .text               mc_w.l(llushr.o)
    0x08003b5e   0x00000024   Code   RO          935    .text               mc_w.l(llsshr.o)
    0x08003b82   0x00000056   Code   RO          945    .text               mc_w.l(__dczerorl2.o)
    0x08003bd8   0x00000028   Code   RO          847    i.__0sprintf        mc_w.l(printfa.o)
    0x08003c00   0x0000000e   Code   RO          939    i.__scatterload_copy  mc_w.l(handlers.o)
    0x08003c0e   0x00000002   Code   RO          940    i.__scatterload_null  mc_w.l(handlers.o)
    0x08003c10   0x0000000e   Code   RO          941    i.__scatterload_zeroinit  mc_w.l(handlers.o)
    0x08003c1e   0x00000002   PAD
    0x08003c20   0x00000164   Code   RO          852    i._fp_digits        mc_w.l(printfa.o)
    0x08003d84   0x000006dc   Code   RO          853    i._printf_core      mc_w.l(printfa.o)
    0x08004460   0x00000024   Code   RO          854    i._printf_post_padding  mc_w.l(printfa.o)
    0x08004484   0x0000002e   Code   RO          855    i._printf_pre_padding  mc_w.l(printfa.o)
    0x080044b2   0x0000000a   Code   RO          857    i._sputc            mc_w.l(printfa.o)
    0x080044bc   0x00000818   Data   RO          546    .constdata          oled_i2c.o
    0x08004cd4   0x00000020   Data   RO          937    Region$$Table       anon$$obj.o


    Execution Region RW_IRAM1 (Base: 0x20000000, Size: 0x00000940, Max: 0x00005000, ABSOLUTE, COMPRESSED[0x000001b0])

    Base Addr    Size         Type   Attr      Idx    E Section Name        Object

    0x20000000   0x00000014   Data   RW           25    .data               system_stm32f10x.o
    0x20000014   0x00000014   Data   RW          303    .data               stm32f10x_rcc.o
    0x20000028   0x0000000d   Data   RW          405    .data               main.o
    0x20000035   0x00000005   Data   RW          452    .data               stm32f10x_it.o
    0x2000003a   0x00000004   Data   RW          519    .data               bsp_systick.o
    0x2000003e   0x000004a0   Data   RW          547    .data               oled_i2c.o
    0x200004de   0x00000002   Data   RW          565    .data               bsp_hc_sr04.o
    0x200004e0   0x00000060   Zero   RW          404    .bss                main.o
    0x20000540   0x00000400   Zero   RW            1    STACK               startup_stm32f10x_md.o


==============================================================================

Image component sizes


      Code (inc. data)   RO Data    RW Data    ZI Data      Debug   Object Name

       512         24          0          2          0       1747   bsp_hc_sr04.o
        56          6          0          0          0        494   bsp_led.o
       568         10          0          0          0       2886   bsp_motor.o
       200         22          0          4          0       1075   bsp_systick.o
        56          6          0          0          0        711   bsp_trail.o
       416          8          0          0          0       2610   bsp_usart.o
         0          0          0          0          0       4496   core_cm3.o
       572         30          0          0          0       1541   encoder.o
       560         92          0         13         96       2896   main.o
       220         22          0          0          0       1797   misc.o
      1296         32       2072       1184          0       5448   oled_i2c.o
       208          0          0          0          0       1696   pid.o
        36          8        236          0       1024        852   startup_stm32f10x_md.o
       860         38          0          0          0       5725   stm32f10x_gpio.o
      1028         16          0          0          0      17183   stm32f10x_i2c.o
       296         36          0          5          0       2023   stm32f10x_it.o
       932         36          0         20          0       8892   stm32f10x_rcc.o
      3610         88          0          0          0      43196   stm32f10x_tim.o
      1032         22          0          0          0       8452   stm32f10x_usart.o
       480         38          0         20          0     228419   system_stm32f10x.o

    ----------------------------------------------------------------------
     12940        534       2340       1248       1120     342139   Object Totals
         0          0         32          0          0          0   (incl. Generated)
         2          0          0          0          0          0   (incl. Padding)

    ----------------------------------------------------------------------

      Code (inc. data)   RO Data    RW Data    ZI Data      Debug   Library Member Name

        86          0          0          0          0          0   __dczerorl2.o
         0          0          0          0          0          0   entry.o
         0          0          0          0          0          0   entry10a.o
         0          0          0          0          0          0   entry11a.o
         8          4          0          0          0          0   entry2.o
         4          0          0          0          0          0   entry5.o
         0          0          0          0          0          0   entry7b.o
         0          0          0          0          0          0   entry8b.o
         8          4          0          0          0          0   entry9a.o
        30          0          0          0          0          0   handlers.o
        36          8          0          0          0         68   init.o
         0          0          0          0          0          0   iusefp.o
        30          0          0          0          0         68   llshl.o
        36          0          0          0          0         68   llsshr.o
        32          0          0          0          0         68   llushr.o
      2244         86          0          0          0        512   printfa.o
        44          0          0          0          0         80   uidiv.o
        98          0          0          0          0         92   uldiv.o
        48          0          0          0          0         68   cdrcmple.o
        20          0          0          0          0         68   cfcmple.o
        20          0          0          0          0         68   cfrcmple.o
        56          0          0          0          0         88   d2f.o
       334          0          0          0          0        148   dadd.o
       222          0          0          0          0        100   ddiv.o
       186          0          0          0          0        176   depilogue.o
        48          0          0          0          0         68   dfixul.o
       228          0          0          0          0         96   dmul.o
        38          0          0          0          0         68   f2d.o
       176          0          0          0          0        140   fadd.o
       124          0          0          0          0         88   fdiv.o
       110          0          0          0          0        168   fepilogue.o
        40          0          0          0          0         68   ffixui.o
        10          0          0          0          0         68   ffltui.o
       100          0          0          0          0         76   fmul.o

    ----------------------------------------------------------------------
      4420        102          0          0          0       2512   Library Totals
         4          0          0          0          0          0   (incl. Padding)

    ----------------------------------------------------------------------

      Code (inc. data)   RO Data    RW Data    ZI Data      Debug   Library Name

      2656        102          0          0          0        956   mc_w.l
      1760          0          0          0          0       1556   mf_w.l

    ----------------------------------------------------------------------
      4420        102          0          0          0       2512   Library Totals

    ----------------------------------------------------------------------

==============================================================================


      Code (inc. data)   RO Data    RW Data    ZI Data      Debug   

     17360        636       2340       1248       1120     342023   Grand Totals
     17360        636       2340        432       1120     342023   ELF Image Totals (compressed)
     17360        636       2340        432          0          0   ROM Totals

==============================================================================

    Total RO  Size (Code + RO Data)                19700 (  19.24kB)
    Total RW  Size (RW Data + ZI Data)              2368 (   2.31kB)
    Total ROM Size (Code + RO Data + RW Data)      20132 (  19.66kB)

==============================================================================

